Archive member included to satisfy reference by file (symbol)

../micro_ros_stm32cubemx_utils/microros_static_library_ide/libmicroros/libmicroros.a(libgeometry_msgs__rosidl_typesupport_c-twist__type_support.cpp.obj)
                              ./Core/Src/main.o (rosidl_typesupport_c__get_message_type_support_handle__geometry_msgs__msg__Twist)
../micro_ros_stm32cubemx_utils/microros_static_library_ide/libmicroros/libmicroros.a(libgeometry_msgs__rosidl_typesupport_introspection_c-twist__type_support.c.obj)
                              ../micro_ros_stm32cubemx_utils/microros_static_library_ide/libmicroros/libmicroros.a(libgeometry_msgs__rosidl_typesupport_c-twist__type_support.cpp.obj) (rosidl_typesupport_introspection_c__get_message_type_support_handle__geometry_msgs__msg__Twist)
../micro_ros_stm32cubemx_utils/microros_static_library_ide/libmicroros/libmicroros.a(libgeometry_msgs__rosidl_typesupport_introspection_c-vector3__type_support.c.obj)
                              ../micro_ros_stm32cubemx_utils/microros_static_library_ide/libmicroros/libmicroros.a(libgeometry_msgs__rosidl_typesupport_introspection_c-twist__type_support.c.obj) (rosidl_typesupport_introspection_c__get_message_type_support_handle__geometry_msgs__msg__Vector3)
../micro_ros_stm32cubemx_utils/microros_static_library_ide/libmicroros/libmicroros.a(libgeometry_msgs__rosidl_typesupport_microxrcedds_c-twist__type_support_c.c.obj)
                              ../micro_ros_stm32cubemx_utils/microros_static_library_ide/libmicroros/libmicroros.a(libgeometry_msgs__rosidl_typesupport_c-twist__type_support.cpp.obj) (rosidl_typesupport_microxrcedds_c__get_message_type_support_handle__geometry_msgs__msg__Twist)
../micro_ros_stm32cubemx_utils/microros_static_library_ide/libmicroros/libmicroros.a(libgeometry_msgs__rosidl_typesupport_microxrcedds_c-vector3__type_support_c.c.obj)
                              ../micro_ros_stm32cubemx_utils/microros_static_library_ide/libmicroros/libmicroros.a(libgeometry_msgs__rosidl_typesupport_microxrcedds_c-twist__type_support_c.c.obj) (get_serialized_size_geometry_msgs__msg__Vector3)
../micro_ros_stm32cubemx_utils/microros_static_library_ide/libmicroros/libmicroros.a(libmicrocdr-basic.c.obj)
                              ../micro_ros_stm32cubemx_utils/microros_static_library_ide/libmicroros/libmicroros.a(libgeometry_msgs__rosidl_typesupport_microxrcedds_c-vector3__type_support_c.c.obj) (ucdr_serialize_double)
../micro_ros_stm32cubemx_utils/microros_static_library_ide/libmicroros/libmicroros.a(libmicrocdr-common.c.obj)
                              ../micro_ros_stm32cubemx_utils/microros_static_library_ide/libmicroros/libmicroros.a(libmicrocdr-basic.c.obj) (ucdr_check_buffer_available_for)
../micro_ros_stm32cubemx_utils/microros_static_library_ide/libmicroros/libmicroros.a(librcl-publisher.c.obj)
                              ./Core/Src/main.o (rcl_publish)
../micro_ros_stm32cubemx_utils/microros_static_library_ide/libmicroros/libmicroros.a(librclc-init.c.obj)
                              ./Core/Src/main.o (rclc_support_init)
../micro_ros_stm32cubemx_utils/microros_static_library_ide/libmicroros/libmicroros.a(librclc-node.c.obj)
                              ./Core/Src/main.o (rclc_node_init_default)
../micro_ros_stm32cubemx_utils/microros_static_library_ide/libmicroros/libmicroros.a(librclc-publisher.c.obj)
                              ./Core/Src/main.o (rclc_publisher_init_default)
../micro_ros_stm32cubemx_utils/microros_static_library_ide/libmicroros/libmicroros.a(librcutils-allocator.c.obj)
                              ./Core/Src/main.o (rcutils_get_zero_initialized_allocator)
../micro_ros_stm32cubemx_utils/microros_static_library_ide/libmicroros/libmicroros.a(librcutils-error_handling.c.obj)
                              ../micro_ros_stm32cubemx_utils/microros_static_library_ide/libmicroros/libmicroros.a(librclc-init.c.obj) (rcutils_reset_error)
../micro_ros_stm32cubemx_utils/microros_static_library_ide/libmicroros/libmicroros.a(librmw-publisher_options.c.obj)
                              ../micro_ros_stm32cubemx_utils/microros_static_library_ide/libmicroros/libmicroros.a(librcl-publisher.c.obj) (rmw_get_default_publisher_options)
../micro_ros_stm32cubemx_utils/microros_static_library_ide/libmicroros/libmicroros.a(librmw_microxrcedds-custom_transport.c.obj)
                              ./Core/Src/main.o (rmw_uros_set_custom_transport)
../micro_ros_stm32cubemx_utils/microros_static_library_ide/libmicroros/libmicroros.a(librmw_microxrcedds-rmw_publish.c.obj)
                              ../micro_ros_stm32cubemx_utils/microros_static_library_ide/libmicroros/libmicroros.a(librcl-publisher.c.obj) (rmw_publish)
../micro_ros_stm32cubemx_utils/microros_static_library_ide/libmicroros/libmicroros.a(librmw_microxrcedds-rmw_publisher.c.obj)
                              ../micro_ros_stm32cubemx_utils/microros_static_library_ide/libmicroros/libmicroros.a(librcl-publisher.c.obj) (rmw_create_publisher)
[...]
Memory Configuration

Name             Origin             Length             Attributes
RAM              0x20000000         0x00018000         xrw
FLASH            0x08000000         0x00080000         xr
*default*        0x00000000         0xffffffff

Linker script and memory map

LOAD /opt/st/stm32cubeide_1.16.0/plugins/com.st.stm32cube.ide.mcu.externaltools.gnu-tools-for-stm32.12.3.rel1.linux64_1.0.200.202406132123/tools/bin/../lib/gcc/arm-none-eabi/12.3.1/thumb/v7e-m+fp/hard/crti.o
LOAD /opt/st/stm32cubeide_1.16.0/plugins/com.st.stm32cube.ide.mcu.externaltools.gnu-tools-for-stm32.12.3.rel1.linux64_1.0.200.202406132123/tools/bin/../lib/gcc/arm-none-eabi/12.3.1/thumb/v7e-m+fp/hard/crtbegin.o
LOAD /opt/st/stm32cubeide_1.16.0/plugins/com.st.stm32cube.ide.mcu.externaltools.gnu-tools-for-stm32.12.3.rel1.linux64_1.0.200.202406132123/tools/bin/../lib/gcc/arm-none-eabi/12.3.1/../../../../arm-none-eabi/lib/thumb/v7e-m+fp/hard/crt0.o
LOAD ./Core/Src/custom_memory_manager.o
LOAD ./Core/Src/freertos.o
LOAD ./Core/Src/main.o
LOAD ./Core/Src/microros_allocators.o
LOAD ./Core/Src/microros_time.o
LOAD ./Core/Src/stm32f4xx_hal_msp.o
LOAD ./Core/Src/stm32f4xx_it.o
LOAD ./Core/Src/syscalls.o
LOAD ./Core/Src/sysmem.o
LOAD ./Core/Src/system_stm32f4xx.o
LOAD ./Core/Src/microros_transports/dma_transport.o
LOAD ./Core/Startup/startup_stm32f401retx.o
LOAD ./Drivers/STM32F4xx_HAL_Driver/Src/stm32f4xx_hal.o
LOAD ./Drivers/STM32F4xx_HAL_Driver/Src/stm32f4xx_hal_cortex.o
LOAD ./Drivers/STM32F4xx_HAL_Driver/Src/stm32f4xx_hal_dma.o
LOAD ./Drivers/STM32F4xx_HAL_Driver/Src/stm32f4xx_hal_dma_ex.o
LOAD ./Drivers/STM32F4xx_HAL_Driver/Src/stm32f4xx_hal_exti.o
LOAD ./Drivers/STM32F4xx_HAL_Driver/Src/stm32f4xx_hal_flash.o
LOAD ./Drivers/STM32F4xx_HAL_Driver/Src/stm32f4xx_hal_flash_ex.o
LOAD ./Drivers/STM32F4xx_HAL_Driver/Src/stm32f4xx_hal_flash_ramfunc.o
LOAD ./Drivers/STM32F4xx_HAL_Driver/Src/stm32f4xx_hal_gpio.o
LOAD ./Drivers/STM32F4xx_HAL_Driver/Src/stm32f4xx_hal_pwr.o
LOAD ./Drivers/STM32F4xx_HAL_Driver/Src/stm32f4xx_hal_pwr_ex.o
LOAD ./Drivers/STM32F4xx_HAL_Driver/Src/stm32f4xx_hal_rcc.o
LOAD ./Drivers/STM32F4xx_HAL_Driver/Src/stm32f4xx_hal_rcc_ex.o
LOAD ./Drivers/STM32F4xx_HAL_Driver/Src/stm32f4xx_hal_tim.o
LOAD ./Drivers/STM32F4xx_HAL_Driver/Src/stm32f4xx_hal_tim_ex.o
LOAD ./Drivers/STM32F4xx_HAL_Driver/Src/stm32f4xx_hal_uart.o
LOAD ./Middlewares/Third_Party/FreeRTOS/Source/CMSIS_RTOS_V2/cmsis_os2.o
LOAD ./Middlewares/Third_Party/FreeRTOS/Source/croutine.o
LOAD ./Middlewares/Third_Party/FreeRTOS/Source/event_groups.o
LOAD ./Middlewares/Third_Party/FreeRTOS/Source/list.o
LOAD ./Middlewares/Third_Party/FreeRTOS/Source/queue.o
LOAD ./Middlewares/Third_Party/FreeRTOS/Source/stream_buffer.o
LOAD ./Middlewares/Third_Party/FreeRTOS/Source/tasks.o
LOAD ./Middlewares/Third_Party/FreeRTOS/Source/timers.o
LOAD ./Middlewares/Third_Party/FreeRTOS/Source/portable/GCC/ARM_CM4F/port.o
LOAD ./Middlewares/Third_Party/FreeRTOS/Source/portable/MemMang/heap_4.o
LOAD ../micro_ros_stm32cubemx_utils/microros_static_library_ide/libmicroros/libmicroros.a
START GROUP
LOAD /opt/st/stm32cubeide_1.16.0/plugins/com.st.stm32cube.ide.mcu.externaltools.gnu-tools-for-stm32.12.3.rel1.linux64_1.0.200.202406132123/tools/bin/../lib/gcc/arm-none-eabi/12.3.1/../../../../arm-none-eabi/lib/thumb/v7e-m+fp/hard/libc_nano.a
LOAD /opt/st/stm32cubeide_1.16.0/plugins/com.st.stm32cube.ide.mcu.externaltools.gnu-tools-for-stm32.12.3.rel1.linux64_1.0.200.202406132123/tools/bin/../lib/gcc/arm-none-eabi/12.3.1/../../../../arm-none-eabi/lib/thumb/v7e-m+fp/hard/libm.a
END GROUP
START GROUP
LOAD /opt/st/stm32cubeide_1.16.0/plugins/com.st.stm32cube.ide.mcu.externaltools.gnu-tools-for-stm32.12.3.rel1.linux64_1.0.200.202406132123/tools/bin/../lib/gcc/arm-none-eabi/12.3.1/thumb/v7e-m+fp/hard/libgcc.a
LOAD /opt/st/stm32cubeide_1.16.0/plugins/com.st.stm32cube.ide.mcu.externaltools.gnu-tools-for-stm32.12.3.rel1.linux64_1.0.200.202406132123/tools/bin/../lib/gcc/arm-none-eabi/12.3.1/../../../../arm-none-eabi/lib/thumb/v7e-m+fp/hard/libc_nano.a
END GROUP
START GROUP
LOAD /opt/st/stm32cubeide_1.16.0/plugins/com.st.stm32cube.ide.mcu.externaltools.gnu-tools-for-stm32.12.3.rel1.linux64_1.0.200.202406132123/tools/bin/../lib/gcc/arm-none-eabi/12.3.1/thumb/v7e-m+fp/hard/libgcc.a
LOAD /opt/st/stm32cubeide_1.16.0/plugins/com.st.stm32cube.ide.mcu.externaltools.gnu-tools-for-stm32.12.3.rel1.linux64_1.0.200.202406132123/tools/bin/../lib/gcc/arm-none-eabi/12.3.1/../../../../arm-none-eabi/lib/thumb/v7e-m+fp/hard/libc_nano.a
LOAD /opt/st/stm32cubeide_1.16.0/plugins/com.st.stm32cube.ide.mcu.externaltools.gnu-tools-for-stm32.12.3.rel1.linux64_1.0.200.202406132123/tools/bin/../lib/gcc/arm-none-eabi/12.3.1/../../../../arm-none-eabi/lib/thumb/v7e-m+fp/hard/libnosys.a
END GROUP
START GROUP
LOAD /opt/st/stm32cubeide_1.16.0/plugins/com.st.stm32cube.ide.mcu.externaltools.gnu-tools-for-stm32.12.3.rel1.linux64_1.0.200.202406132123/tools/bin/../lib/gcc/arm-none-eabi/12.3.1/thumb/v7e-m+fp/hard/libgcc.a
LOAD /opt/st/stm32cubeide_1.16.0/plugins/com.st.stm32cube.ide.mcu.externaltools.gnu-tools-for-stm32.12.3.rel1.linux64_1.0.200.202406132123/tools/bin/../lib/gcc/arm-none-eabi/12.3.1/../../../../arm-none-eabi/lib/thumb/v7e-m+fp/hard/libc_nano.a
LOAD /opt/st/stm32cubeide_1.16.0/plugins/com.st.stm32cube.ide.mcu.externaltools.gnu-tools-for-stm32.12.3.rel1.linux64_1.0.200.202406132123/tools/bin/../lib/gcc/arm-none-eabi/12.3.1/../../../../arm-none-eabi/lib/thumb/v7e-m+fp/hard/libnosys.a
END GROUP
LOAD /opt/st/stm32cubeide_1.16.0/plugins/com.st.stm32cube.ide.mcu.externaltools.gnu-tools-for-stm32.12.3.rel1.linux64_1.0.200.202406132123/tools/bin/../lib/gcc/arm-none-eabi/12.3.1/thumb/v7e-m+fp/hard/crtend.o
LOAD /opt/st/stm32cubeide_1.16.0/plugins/com.st.stm32cube.ide.mcu.externaltools.gnu-tools-for-stm32.12.3.rel1.linux64_1.0.200.202406132123/tools/bin/../lib/gcc/arm-none-eabi/12.3.1/thumb/v7e-m+fp/hard/crtn.o
                0x20018000                        _estack = (ORIGIN (RAM) + LENGTH (RAM))
                0x00000200                        _Min_Heap_Size = 0x200
                0x00000400                        _Min_Stack_Size = 0x400

.isr_vector     0x08000000      0x194
                0x08000000                        . = ALIGN (0x4)
 *(.isr_vector)
 .isr_vector    0x08000000      0x194 ./Core/Startup/startup_stm32f401retx.o
                0x08000000                g_pfnVectors
                0x08000194                        . = ALIGN (0x4)

.text           0x080001a0    0x114f4
                0x080001a0                        . = ALIGN (0x4)
 *(.text)
 .text          0x080001a0       0x40 /opt/st/stm32cubeide_1.16.0/plugins/com.st.stm32cube.ide.mcu.externaltools.gnu-tools-for-stm32.12.3.rel1.linux64_1.0.200.202406132123/tools/bin/../lib/gcc/arm-none-eabi/12.3.1/thumb/v7e-m+fp/hard/crtbegin.o
 .text          0x080001e0       0x14 /opt/st/stm32cubeide_1.16.0/plugins/com.st.stm32cube.ide.mcu.externaltools.gnu-tools-for-stm32.12.3.rel1.linux64_1.0.200.202406132123/tools/bin/../lib/gcc/arm-none-eabi/12.3.1/../../../../arm-none-eabi/lib/thumb/v7e-m+fp/hard/libc_nano.a(libc_a-strcmp.o)
                0x080001e0                strcmp
 .text          0x080001f4       0x10 /opt/st/stm32cubeide_1.16.0/plugins/com.st.stm32cube.ide.mcu.externaltools.gnu-tools-for-stm32.12.3.rel1.linux64_1.0.200.202406132123/tools/bin/../lib/gcc/arm-none-eabi/12.3.1/../../../../arm-none-eabi/lib/thumb/v7e-m+fp/hard/libc_nano.a(libc_a-strlen.o)
                0x080001f4                strlen
 *fill*         0x08000204        0xc 
 .text          0x08000210       0xa0 /opt/st/stm32cubeide_1.16.0/plugins/com.st.stm32cube.ide.mcu.externaltools.gnu-tools-for-stm32.12.3.rel1.linux64_1.0.200.202406132123/tools/bin/../lib/gcc/arm-none-eabi/12.3.1/../../../../arm-none-eabi/lib/thumb/v7e-m+fp/hard/libc_nano.a(libc_a-memchr.o)
                0x08000210                memchr
 .text          0x080002b0       0xa0 /opt/st/stm32cubeide_1.16.0/plugins/com.st.stm32cube.ide.mcu.externaltools.gnu-tools-for-stm32.12.3.rel1.linux64_1.0.200.202406132123/tools/bin/../lib/gcc/arm-none-eabi/12.3.1/thumb/v7e-m+fp/hard/libgcc.a(_aeabi_ldivmod.o)
                0x080002b0                __aeabi_ldivmod
 .text          0x08000350       0x30 /opt/st/stm32cubeide_1.16.0/plugins/com.st.stm32cube.ide.mcu.externaltools.gnu-tools-for-stm32.12.3.rel1.linux64_1.0.200.202406132123/tools/bin/../lib/gcc/arm-none-eabi/12.3.1/thumb/v7e-m+fp/hard/libgcc.a(_aeabi_uldivmod.o)
                0x08000350                __aeabi_uldivmod
 .text          0x08000380      0x2bc /opt/st/stm32cubeide_1.16.0/plugins/com.st.stm32cube.ide.mcu.externaltools.gnu-tools-for-stm32.12.3.rel1.linux64_1.0.200.202406132123/tools/bin/../lib/gcc/arm-none-eabi/12.3.1/thumb/v7e-m+fp/hard/libgcc.a(_udivmoddi4.o)
                0x08000380                __udivmoddi4
 .text          0x0800063c        0x4 /opt/st/stm32cubeide_1.16.0/plugins/com.st.stm32cube.ide.mcu.externaltools.gnu-tools-for-stm32.12.3.rel1.linux64_1.0.200.202406132123/tools/bin/../lib/gcc/arm-none-eabi/12.3.1/thumb/v7e-m+fp/hard/libgcc.a(_dvmd_tls.o)
                0x0800063c                __aeabi_ldiv0
                0x0800063c                __aeabi_idiv0
 *(.text*)
 .text.pvPortMallocMicroROS
                0x08000640      0x190 ./Core/Src/custom_memory_manager.o
                0x08000640                pvPortMallocMicroROS
 .text.vPortFreeMicroROS
                0x080007d0       0xb8 ./Core/Src/custom_memory_manager.o
                0x080007d0                vPortFreeMicroROS
 .text.getBlockSize
                0x08000888       0x3c ./Core/Src/custom_memory_manager.o
                0x08000888                getBlockSize
 .text.pvPortReallocMicroROS
                0x080008c4       0x5a ./Core/Src/custom_memory_manager.o
                0x080008c4                pvPortReallocMicroROS
 .text.pvPortCallocMicroROS
                0x0800091e       0x48 ./Core/Src/custom_memory_manager.o
                0x0800091e                pvPortCallocMicroROS
 *fill*         0x08000966        0x2 
 .text.prvHeapInit
                0x08000968       0xc4 ./Core/Src/custom_memory_manager.o
 .text.prvInsertBlockIntoFreeList
                0x08000a2c       0xb4 ./Core/Src/custom_memory_manager.o
 .text.main     0x08000ae0       0x40 ./Core/Src/main.o
                0x08000ae0                main
 .text.SystemClock_Config
                0x08000b20       0xd8 ./Core/Src/main.o
                0x08000b20                SystemClock_Config
 .text.MX_USART2_UART_Init
                0x08000bf8       0x54 ./Core/Src/main.o
 .text.MX_DMA_Init
                0x08000c4c       0x50 ./Core/Src/main.o
 .text.MX_GPIO_Init
                0x08000c9c       0xdc ./Core/Src/main.o
 .text.StartDefaultTask
                0x08000d78      0x118 ./Core/Src/main.o
                0x08000d78                StartDefaultTask
 .text.Error_Handler
                0x08000e90        0xc ./Core/Src/main.o
                0x08000e90                Error_Handler
 .text.microros_allocate
                0x08000e9c       0x44 ./Core/Src/microros_allocators.o
                0x08000e9c                microros_allocate
 .text.microros_deallocate
                0x08000ee0       0x38 ./Core/Src/microros_allocators.o
                0x08000ee0                microros_deallocate
 .text.microros_reallocate
                0x08000f18       0x6c ./Core/Src/microros_allocators.o
                0x08000f18                microros_reallocate
 .text.microros_zero_allocate
                0x08000f84       0x50 ./Core/Src/microros_allocators.o
                0x08000f84                microros_zero_allocate
 *fill*         0x08000fd4        0x4 
 .text.UTILS_NanosecondsToTimespec
                0x08000fd8       0xa0 ./Core/Src/microros_time.o
                0x08000fd8                UTILS_NanosecondsToTimespec
 .text.clock_gettime
                0x08001078       0xee ./Core/Src/microros_time.o
                0x08001078                clock_gettime
 *fill*         0x08001166        0x2 
 .text.HAL_MspInit
                0x08001168       0x50 ./Core/Src/stm32f4xx_hal_msp.o
                0x08001168                HAL_MspInit
 .text.HAL_UART_MspInit
                0x080011b8      0x170 ./Core/Src/stm32f4xx_hal_msp.o
                0x080011b8                HAL_UART_MspInit
 .text.NMI_Handler
                0x08001328        0x8 ./Core/Src/stm32f4xx_it.o
                0x08001328                NMI_Handler
 .text.HardFault_Handler
                0x08001330        0x8 ./Core/Src/stm32f4xx_it.o
                0x08001330                HardFault_Handler
 .text.MemManage_Handler
                0x08001338        0x8 ./Core/Src/stm32f4xx_it.o
                0x08001338                MemManage_Handler
 .text.BusFault_Handler
                0x08001340        0x8 ./Core/Src/stm32f4xx_it.o
                0x08001340                BusFault_Handler
 .text.UsageFault_Handler
                0x08001348        0x8 ./Core/Src/stm32f4xx_it.o
                0x08001348                UsageFault_Handler
 .text.DebugMon_Handler
                0x08001350        0xe ./Core/Src/stm32f4xx_it.o
                0x08001350                DebugMon_Handler
 .text.SysTick_Handler
                0x0800135e       0x1a ./Core/Src/stm32f4xx_it.o
                0x0800135e                SysTick_Handler
 .text.DMA1_Stream5_IRQHandler
                0x08001378       0x14 ./Core/Src/stm32f4xx_it.o
                0x08001378                DMA1_Stream5_IRQHandler
 .text.DMA1_Stream6_IRQHandler
                0x0800138c       0x14 ./Core/Src/stm32f4xx_it.o
                0x0800138c                DMA1_Stream6_IRQHandler
 .text.USART2_IRQHandler
                0x080013a0       0x14 ./Core/Src/stm32f4xx_it.o
                0x080013a0                USART2_IRQHandler
 .text._getpid  0x080013b4       0x10 ./Core/Src/syscalls.o
                0x080013b4                _getpid
 .text._kill    0x080013c4       0x20 ./Core/Src/syscalls.o
                0x080013c4                _kill
 .text._exit    0x080013e4       0x16 ./Core/Src/syscalls.o
                0x080013e4                _exit
 .text._read    0x080013fa       0x3a ./Core/Src/syscalls.o
                0x080013fa                _read
 .text._write   0x08001434       0x38 ./Core/Src/syscalls.o
                0x08001434                _write
 .text._close   0x0800146c       0x18 ./Core/Src/syscalls.o
                0x0800146c                _close
 .text._fstat   0x08001484       0x20 ./Core/Src/syscalls.o
                0x08001484                _fstat
 .text._isatty  0x080014a4       0x16 ./Core/Src/syscalls.o
                0x080014a4                _isatty
 .text._lseek   0x080014ba       0x1a ./Core/Src/syscalls.o
                0x080014ba                _lseek
 .text._sbrk    0x080014d4       0x6c ./Core/Src/sysmem.o
                0x080014d4                _sbrk
 .text.SystemInit
                0x08001540       0x24 ./Core/Src/system_stm32f4xx.o
                0x08001540                SystemInit
 .text.cubemx_transport_open
                0x08001564       0x2c ./Core/Src/microros_transports/dma_transport.o
                0x08001564                cubemx_transport_open
 .text.cubemx_transport_close
                0x08001590       0x20 ./Core/Src/microros_transports/dma_transport.o
                0x08001590                cubemx_transport_close
 .text.cubemx_transport_write
                0x080015b0       0x66 ./Core/Src/microros_transports/dma_transport.o
                0x080015b0                cubemx_transport_write
 *fill*         0x08001616        0x2 
 .text.cubemx_transport_read
                0x08001618       0xa8 ./Core/Src/microros_transports/dma_transport.o
                0x08001618                cubemx_transport_read
 .text.Reset_Handler
                0x080016c0       0x50 ./Core/Startup/startup_stm32f401retx.o
                0x080016c0                Reset_Handler
 .text.Default_Handler
                0x08001710        0x2 ./Core/Startup/startup_stm32f401retx.o
                0x08001710                RTC_Alarm_IRQHandler
                0x08001710                EXTI2_IRQHandler
                0x08001710                SPI4_IRQHandler
                0x08001710                TIM1_CC_IRQHandler
                0x08001710                DMA2_Stream5_IRQHandler
                0x08001710                PVD_IRQHandler
                0x08001710                SDIO_IRQHandler
                0x08001710                TAMP_STAMP_IRQHandler
                0x08001710                EXTI3_IRQHandler
                0x08001710                TIM1_UP_TIM10_IRQHandler
                0x08001710                I2C3_ER_IRQHandler
                0x08001710                EXTI0_IRQHandler
                0x08001710                I2C2_EV_IRQHandler
                0x08001710                DMA1_Stream2_IRQHandler
                0x08001710                FPU_IRQHandler
                0x08001710                DMA2_Stream2_IRQHandler
                0x08001710                SPI1_IRQHandler
                0x08001710                TIM1_BRK_TIM9_IRQHandler
                0x08001710                DMA2_Stream3_IRQHandler
                0x08001710                USART6_IRQHandler
                0x08001710                DMA2_Stream0_IRQHandler
                0x08001710                TIM4_IRQHandler
                0x08001710                I2C1_EV_IRQHandler
                0x08001710                DMA1_Stream1_IRQHandler
                0x08001710                TIM3_IRQHandler
                0x08001710                RCC_IRQHandler
                0x08001710                Default_Handler
                0x08001710                EXTI15_10_IRQHandler
                0x08001710                ADC_IRQHandler
                0x08001710                DMA1_Stream7_IRQHandler
                0x08001710                TIM5_IRQHandler
                0x08001710                DMA2_Stream7_IRQHandler
                0x08001710                I2C3_EV_IRQHandler
                0x08001710                EXTI9_5_IRQHandler
                0x08001710                RTC_WKUP_IRQHandler
                0x08001710                SPI2_IRQHandler
                0x08001710                DMA1_Stream0_IRQHandler
                0x08001710                EXTI4_IRQHandler
                0x08001710                WWDG_IRQHandler
                0x08001710                TIM2_IRQHandler
                0x08001710                OTG_FS_WKUP_IRQHandler
                0x08001710                TIM1_TRG_COM_TIM11_IRQHandler
                0x08001710                EXTI1_IRQHandler
                0x08001710                I2C2_ER_IRQHandler
                0x08001710                DMA2_Stream1_IRQHandler
                0x08001710                FLASH_IRQHandler
                0x08001710                DMA2_Stream4_IRQHandler
                0x08001710                USART1_IRQHandler
                0x08001710                OTG_FS_IRQHandler
                0x08001710                SPI3_IRQHandler
                0x08001710                DMA1_Stream4_IRQHandler
                0x08001710                I2C1_ER_IRQHandler
                0x08001710                DMA2_Stream6_IRQHandler
                0x08001710                DMA1_Stream3_IRQHandler
 *fill*         0x08001712        0x2 
 .text.HAL_Init
                0x08001714       0x44 ./Drivers/STM32F4xx_HAL_Driver/Src/stm32f4xx_hal.o
                0x08001714                HAL_Init
 .text.HAL_InitTick
                0x08001758       0x60 ./Drivers/STM32F4xx_HAL_Driver/Src/stm32f4xx_hal.o
                0x08001758                HAL_InitTick
 .text.HAL_IncTick
                0x080017b8       0x28 ./Drivers/STM32F4xx_HAL_Driver/Src/stm32f4xx_hal.o
                0x080017b8                HAL_IncTick
 .text.HAL_GetTick
                0x080017e0       0x18 ./Drivers/STM32F4xx_HAL_Driver/Src/stm32f4xx_hal.o
                0x080017e0                HAL_GetTick
 .text.__NVIC_SetPriorityGrouping
                0x080017f8       0x48 ./Drivers/STM32F4xx_HAL_Driver/Src/stm32f4xx_hal_cortex.o
 .text.__NVIC_GetPriorityGrouping
                0x08001840       0x1c ./Drivers/STM32F4xx_HAL_Driver/Src/stm32f4xx_hal_cortex.o
 .text.__NVIC_EnableIRQ
                0x0800185c       0x3c ./Drivers/STM32F4xx_HAL_Driver/Src/stm32f4xx_hal_cortex.o
 .text.__NVIC_SetPriority
                0x08001898       0x54 ./Drivers/STM32F4xx_HAL_Driver/Src/stm32f4xx_hal_cortex.o
 .text.NVIC_EncodePriority
                0x080018ec       0x66 ./Drivers/STM32F4xx_HAL_Driver/Src/stm32f4xx_hal_cortex.o
 *fill*         0x08001952        0x2 
 .text.SysTick_Config
                0x08001954       0x44 ./Drivers/STM32F4xx_HAL_Driver/Src/stm32f4xx_hal_cortex.o
 .text.HAL_NVIC_SetPriorityGrouping
                0x08001998       0x16 ./Drivers/STM32F4xx_HAL_Driver/Src/stm32f4xx_hal_cortex.o
                0x08001998                HAL_NVIC_SetPriorityGrouping
 .text.HAL_NVIC_SetPriority
                0x080019ae       0x38 ./Drivers/STM32F4xx_HAL_Driver/Src/stm32f4xx_hal_cortex.o
                0x080019ae                HAL_NVIC_SetPriority
 .text.HAL_NVIC_EnableIRQ
                0x080019e6       0x1c ./Drivers/STM32F4xx_HAL_Driver/Src/stm32f4xx_hal_cortex.o
                0x080019e6                HAL_NVIC_EnableIRQ
 .text.HAL_SYSTICK_Config
                0x08001a02       0x18 ./Drivers/STM32F4xx_HAL_Driver/Src/stm32f4xx_hal_cortex.o
                0x08001a02                HAL_SYSTICK_Config
 *fill*         0x08001a1a        0x2 
 .text.HAL_DMA_Init
                0x08001a1c      0x15c ./Drivers/STM32F4xx_HAL_Driver/Src/stm32f4xx_hal_dma.o
                0x08001a1c                HAL_DMA_Init
 .text.HAL_DMA_Start_IT
                0x08001b78       0xb0 ./Drivers/STM32F4xx_HAL_Driver/Src/stm32f4xx_hal_dma.o
                0x08001b78                HAL_DMA_Start_IT
 .text.HAL_DMA_Abort
                0x08001c28       0xe0 ./Drivers/STM32F4xx_HAL_Driver/Src/stm32f4xx_hal_dma.o
                0x08001c28                HAL_DMA_Abort
 .text.HAL_DMA_Abort_IT
                0x08001d08       0x44 ./Drivers/STM32F4xx_HAL_Driver/Src/stm32f4xx_hal_dma.o
                0x08001d08                HAL_DMA_Abort_IT
 .text.HAL_DMA_IRQHandler
                0x08001d4c      0x314 ./Drivers/STM32F4xx_HAL_Driver/Src/stm32f4xx_hal_dma.o
                0x08001d4c                HAL_DMA_IRQHandler
 .text.DMA_SetConfig
                0x08002060       0x5c ./Drivers/STM32F4xx_HAL_Driver/Src/stm32f4xx_hal_dma.o
 .text.DMA_CalcBaseAndBitshift
                0x080020bc       0x6c ./Drivers/STM32F4xx_HAL_Driver/Src/stm32f4xx_hal_dma.o
 .text.DMA_CheckFifoParam
                0x08002128       0xf8 ./Drivers/STM32F4xx_HAL_Driver/Src/stm32f4xx_hal_dma.o
 .text.HAL_GPIO_Init
                0x08002220      0x308 ./Drivers/STM32F4xx_HAL_Driver/Src/stm32f4xx_hal_gpio.o
                0x08002220                HAL_GPIO_Init
 .text.HAL_GPIO_WritePin
                0x08002528       0x32 ./Drivers/STM32F4xx_HAL_Driver/Src/stm32f4xx_hal_gpio.o
                0x08002528                HAL_GPIO_WritePin
 *fill*         0x0800255a        0x2 
 .text.HAL_RCC_OscConfig
                0x0800255c      0x4f0 ./Drivers/STM32F4xx_HAL_Driver/Src/stm32f4xx_hal_rcc.o
                0x0800255c                HAL_RCC_OscConfig
 .text.HAL_RCC_ClockConfig
                0x08002a4c      0x1cc ./Drivers/STM32F4xx_HAL_Driver/Src/stm32f4xx_hal_rcc.o
                0x08002a4c                HAL_RCC_ClockConfig
 .text.HAL_RCC_GetSysClockFreq
                0x08002c18      0x20c ./Drivers/STM32F4xx_HAL_Driver/Src/stm32f4xx_hal_rcc.o
                0x08002c18                HAL_RCC_GetSysClockFreq
 .text.HAL_RCC_GetHCLKFreq
                0x08002e24       0x18 ./Drivers/STM32F4xx_HAL_Driver/Src/stm32f4xx_hal_rcc.o
                0x08002e24                HAL_RCC_GetHCLKFreq
 .text.HAL_RCC_GetPCLK1Freq
                0x08002e3c       0x28 ./Drivers/STM32F4xx_HAL_Driver/Src/stm32f4xx_hal_rcc.o
                0x08002e3c                HAL_RCC_GetPCLK1Freq
 .text.HAL_RCC_GetPCLK2Freq
                0x08002e64       0x28 ./Drivers/STM32F4xx_HAL_Driver/Src/stm32f4xx_hal_rcc.o
                0x08002e64                HAL_RCC_GetPCLK2Freq
 .text.HAL_UART_Init
                0x08002e8c       0xa0 ./Drivers/STM32F4xx_HAL_Driver/Src/stm32f4xx_hal_uart.o
                0x08002e8c                HAL_UART_Init
 .text.HAL_UART_Transmit_DMA
                0x08002f2c       0xe0 ./Drivers/STM32F4xx_HAL_Driver/Src/stm32f4xx_hal_uart.o
                0x08002f2c                HAL_UART_Transmit_DMA
 .text.HAL_UART_Receive_DMA
                0x0800300c       0x4a ./Drivers/STM32F4xx_HAL_Driver/Src/stm32f4xx_hal_uart.o
                0x0800300c                HAL_UART_Receive_DMA
 .text.HAL_UART_DMAStop
                0x08003056       0xfe ./Drivers/STM32F4xx_HAL_Driver/Src/stm32f4xx_hal_uart.o
                0x08003056                HAL_UART_DMAStop
 .text.HAL_UART_IRQHandler
                0x08003154      0x524 ./Drivers/STM32F4xx_HAL_Driver/Src/stm32f4xx_hal_uart.o
                0x08003154                HAL_UART_IRQHandler
 .text.HAL_UART_TxCpltCallback
                0x08003678       0x14 ./Drivers/STM32F4xx_HAL_Driver/Src/stm32f4xx_hal_uart.o
                0x08003678                HAL_UART_TxCpltCallback
 .text.HAL_UART_TxHalfCpltCallback
                0x0800368c       0x14 ./Drivers/STM32F4xx_HAL_Driver/Src/stm32f4xx_hal_uart.o
                0x0800368c                HAL_UART_TxHalfCpltCallback
 .text.HAL_UART_RxCpltCallback
                0x080036a0       0x14 ./Drivers/STM32F4xx_HAL_Driver/Src/stm32f4xx_hal_uart.o
                0x080036a0                HAL_UART_RxCpltCallback
 .text.HAL_UART_RxHalfCpltCallback
                0x080036b4       0x14 ./Drivers/STM32F4xx_HAL_Driver/Src/stm32f4xx_hal_uart.o
                0x080036b4                HAL_UART_RxHalfCpltCallback
 .text.HAL_UART_ErrorCallback
                0x080036c8       0x14 ./Drivers/STM32F4xx_HAL_Driver/Src/stm32f4xx_hal_uart.o
                0x080036c8                HAL_UART_ErrorCallback
 .text.HAL_UARTEx_RxEventCallback
                0x080036dc       0x18 ./Drivers/STM32F4xx_HAL_Driver/Src/stm32f4xx_hal_uart.o
                0x080036dc                HAL_UARTEx_RxEventCallback
 .text.UART_DMATransmitCplt
                0x080036f4       0x9a ./Drivers/STM32F4xx_HAL_Driver/Src/stm32f4xx_hal_uart.o
 .text.UART_DMATxHalfCplt
                0x0800378e       0x1c ./Drivers/STM32F4xx_HAL_Driver/Src/stm32f4xx_hal_uart.o
 .text.UART_DMAReceiveCplt
                0x080037aa      0x12c ./Drivers/STM32F4xx_HAL_Driver/Src/stm32f4xx_hal_uart.o
 .text.UART_DMARxHalfCplt
                0x080038d6       0x3c ./Drivers/STM32F4xx_HAL_Driver/Src/stm32f4xx_hal_uart.o
 .text.UART_DMAError
                0x08003912       0x94 ./Drivers/STM32F4xx_HAL_Driver/Src/stm32f4xx_hal_uart.o
 *fill*         0x080039a6        0x2 
 .text.UART_Start_Receive_DMA
                0x080039a8      0x134 ./Drivers/STM32F4xx_HAL_Driver/Src/stm32f4xx_hal_uart.o
                0x080039a8                UART_Start_Receive_DMA
 .text.UART_EndTxTransfer
                0x08003adc       0x50 ./Drivers/STM32F4xx_HAL_Driver/Src/stm32f4xx_hal_uart.o
 .text.UART_EndRxTransfer
                0x08003b2c       0xc6 ./Drivers/STM32F4xx_HAL_Driver/Src/stm32f4xx_hal_uart.o
 .text.UART_DMAAbortOnError
                0x08003bf2       0x28 ./Drivers/STM32F4xx_HAL_Driver/Src/stm32f4xx_hal_uart.o
 .text.UART_Transmit_IT
                0x08003c1a       0xa0 ./Drivers/STM32F4xx_HAL_Driver/Src/stm32f4xx_hal_uart.o
 .text.UART_EndTransmit_IT
                0x08003cba       0x30 ./Drivers/STM32F4xx_HAL_Driver/Src/stm32f4xx_hal_uart.o
 .text.UART_Receive_IT
                0x08003cea      0x17c ./Drivers/STM32F4xx_HAL_Driver/Src/stm32f4xx_hal_uart.o
 *fill*         0x08003e66        0x2 
 .text.UART_SetConfig
                0x08003e68      0x4e8 ./Drivers/STM32F4xx_HAL_Driver/Src/stm32f4xx_hal_uart.o
 .text.__NVIC_SetPriority
                0x08004350       0x54 ./Middlewares/Third_Party/FreeRTOS/Source/CMSIS_RTOS_V2/cmsis_os2.o
 .text.SVC_Setup
                0x080043a4       0x12 ./Middlewares/Third_Party/FreeRTOS/Source/CMSIS_RTOS_V2/cmsis_os2.o
 *fill*         0x080043b6        0x2 
 .text.osKernelInitialize
                0x080043b8       0x48 ./Middlewares/Third_Party/FreeRTOS/Source/CMSIS_RTOS_V2/cmsis_os2.o
                0x080043b8                osKernelInitialize
 .text.osKernelStart
                0x08004400       0x4c ./Middlewares/Third_Party/FreeRTOS/Source/CMSIS_RTOS_V2/cmsis_os2.o
                0x08004400                osKernelStart
 .text.osThreadNew
                0x0800444c      0x124 ./Middlewares/Third_Party/FreeRTOS/Source/CMSIS_RTOS_V2/cmsis_os2.o
                0x0800444c                osThreadNew
 .text.osDelay  0x08004570       0x36 ./Middlewares/Third_Party/FreeRTOS/Source/CMSIS_RTOS_V2/cmsis_os2.o
                0x08004570                osDelay
 *fill*         0x080045a6        0x2 
 .text.vApplicationGetIdleTaskMemory
                0x080045a8       0x34 ./Middlewares/Third_Party/FreeRTOS/Source/CMSIS_RTOS_V2/cmsis_os2.o
                0x080045a8                vApplicationGetIdleTaskMemory
 .text.vApplicationGetTimerTaskMemory
                0x080045dc       0x34 ./Middlewares/Third_Party/FreeRTOS/Source/CMSIS_RTOS_V2/cmsis_os2.o
                0x080045dc                vApplicationGetTimerTaskMemory
 .text.vListInitialise
                0x08004610       0x40 ./Middlewares/Third_Party/FreeRTOS/Source/list.o
                0x08004610                vListInitialise
 .text.vListInitialiseItem
                0x08004650       0x1a ./Middlewares/Third_Party/FreeRTOS/Source/list.o
                0x08004650                vListInitialiseItem
 .text.vListInsertEnd
                0x0800466a       0x48 ./Middlewares/Third_Party/FreeRTOS/Source/list.o
                0x0800466a                vListInsertEnd
 .text.vListInsert
                0x080046b2       0x72 ./Middlewares/Third_Party/FreeRTOS/Source/list.o
                0x080046b2                vListInsert
 .text.uxListRemove
                0x08004724       0x54 ./Middlewares/Third_Party/FreeRTOS/Source/list.o
                0x08004724                uxListRemove
 .text.xQueueGenericReset
                0x08004778       0xd4 ./Middlewares/Third_Party/FreeRTOS/Source/queue.o
                0x08004778                xQueueGenericReset
 .text.xQueueGenericCreateStatic
                0x0800484c       0xfa ./Middlewares/Third_Party/FreeRTOS/Source/queue.o
                0x0800484c                xQueueGenericCreateStatic
 .text.prvInitialiseNewQueue
                0x08004946       0x46 ./Middlewares/Third_Party/FreeRTOS/Source/queue.o
 .text.xQueueGenericSend
                0x0800498c      0x204 ./Middlewares/Third_Party/FreeRTOS/Source/queue.o
                0x0800498c                xQueueGenericSend
 .text.xQueueGenericSendFromISR
                0x08004b90      0x13c ./Middlewares/Third_Party/FreeRTOS/Source/queue.o
                0x08004b90                xQueueGenericSendFromISR
 .text.xQueueReceive
                0x08004ccc      0x1c4 ./Middlewares/Third_Party/FreeRTOS/Source/queue.o
                0x08004ccc                xQueueReceive
 .text.prvCopyDataToQueue
                0x08004e90       0xd4 ./Middlewares/Third_Party/FreeRTOS/Source/queue.o
 .text.prvCopyDataFromQueue
                0x08004f64       0x4c ./Middlewares/Third_Party/FreeRTOS/Source/queue.o
 .text.prvUnlockQueue
                0x08004fb0       0xa4 ./Middlewares/Third_Party/FreeRTOS/Source/queue.o
 .text.prvIsQueueEmpty
                0x08005054       0x2c ./Middlewares/Third_Party/FreeRTOS/Source/queue.o
 .text.prvIsQueueFull
                0x08005080       0x30 ./Middlewares/Third_Party/FreeRTOS/Source/queue.o
 .text.vQueueAddToRegistry
                0x080050b0       0x54 ./Middlewares/Third_Party/FreeRTOS/Source/queue.o
                0x080050b0                vQueueAddToRegistry
 .text.vQueueWaitForMessageRestricted
                0x08005104       0x68 ./Middlewares/Third_Party/FreeRTOS/Source/queue.o
                0x08005104                vQueueWaitForMessageRestricted
 .text.xTaskCreateStatic
                0x0800516c       0xc0 ./Middlewares/Third_Party/FreeRTOS/Source/tasks.o
                0x0800516c                xTaskCreateStatic
 .text.xTaskCreate
                0x0800522c       0x8a ./Middlewares/Third_Party/FreeRTOS/Source/tasks.o
                0x0800522c                xTaskCreate
 .text.prvInitialiseNewTask
                0x080052b6      0x120 ./Middlewares/Third_Party/FreeRTOS/Source/tasks.o
 *fill*         0x080053d6        0x2 
 .text.prvAddNewTaskToReadyList
                0x080053d8       0xe0 ./Middlewares/Third_Party/FreeRTOS/Source/tasks.o
 .text.vTaskDelay
                0x080054b8       0x6c ./Middlewares/Third_Party/FreeRTOS/Source/tasks.o
                0x080054b8                vTaskDelay
 .text.vTaskStartScheduler
                0x08005524       0xd0 ./Middlewares/Third_Party/FreeRTOS/Source/tasks.o
                0x08005524                vTaskStartScheduler
 .text.vTaskSuspendAll
                0x080055f4       0x1c ./Middlewares/Third_Party/FreeRTOS/Source/tasks.o
                0x080055f4                vTaskSuspendAll
 .text.xTaskResumeAll
                0x08005610      0x13c ./Middlewares/Third_Party/FreeRTOS/Source/tasks.o
                0x08005610                xTaskResumeAll
 .text.xTaskGetTickCount
                0x0800574c       0x20 ./Middlewares/Third_Party/FreeRTOS/Source/tasks.o
                0x0800574c                xTaskGetTickCount
 .text.xTaskIncrementTick
                0x0800576c      0x174 ./Middlewares/Third_Party/FreeRTOS/Source/tasks.o
                0x0800576c                xTaskIncrementTick
 .text.vTaskSwitchContext
                0x080058e0       0xbc ./Middlewares/Third_Party/FreeRTOS/Source/tasks.o
                0x080058e0                vTaskSwitchContext
 .text.vTaskPlaceOnEventList
                0x0800599c       0x4c ./Middlewares/Third_Party/FreeRTOS/Source/tasks.o
                0x0800599c                vTaskPlaceOnEventList
 .text.vTaskPlaceOnEventListRestricted
                0x080059e8       0x58 ./Middlewares/Third_Party/FreeRTOS/Source/tasks.o
                0x080059e8                vTaskPlaceOnEventListRestricted
 .text.xTaskRemoveFromEventList
                0x08005a40       0xc8 ./Middlewares/Third_Party/FreeRTOS/Source/tasks.o
                0x08005a40                xTaskRemoveFromEventList
 .text.vTaskSetTimeOutState
                0x08005b08       0x50 ./Middlewares/Third_Party/FreeRTOS/Source/tasks.o
                0x08005b08                vTaskSetTimeOutState
 .text.vTaskInternalSetTimeOutState
                0x08005b58       0x2c ./Middlewares/Third_Party/FreeRTOS/Source/tasks.o
                0x08005b58                vTaskInternalSetTimeOutState
 .text.xTaskCheckForTimeOut
                0x08005b84       0xc8 ./Middlewares/Third_Party/FreeRTOS/Source/tasks.o
                0x08005b84                xTaskCheckForTimeOut
 .text.vTaskMissedYield
                0x08005c4c       0x18 ./Middlewares/Third_Party/FreeRTOS/Source/tasks.o
                0x08005c4c                vTaskMissedYield
 .text.prvIdleTask
                0x08005c64       0x30 ./Middlewares/Third_Party/FreeRTOS/Source/tasks.o
 .text.prvInitialiseTaskLists
                0x08005c94       0x80 ./Middlewares/Third_Party/FreeRTOS/Source/tasks.o
 .text.prvCheckTasksWaitingTermination
                0x08005d14       0x5c ./Middlewares/Third_Party/FreeRTOS/Source/tasks.o
 .text.prvDeleteTCB
                0x08005d70       0x60 ./Middlewares/Third_Party/FreeRTOS/Source/tasks.o
 .text.prvResetNextTaskUnblockTime
                0x08005dd0       0x40 ./Middlewares/Third_Party/FreeRTOS/Source/tasks.o
 .text.xTaskGetSchedulerState
                0x08005e10       0x3c ./Middlewares/Third_Party/FreeRTOS/Source/tasks.o
                0x08005e10                xTaskGetSchedulerState
 .text.xTaskPriorityDisinherit
                0x08005e4c       0xe0 ./Middlewares/Third_Party/FreeRTOS/Source/tasks.o
                0x08005e4c                xTaskPriorityDisinherit
 .text.prvAddCurrentTaskToDelayedList
                0x08005f2c       0xa8 ./Middlewares/Third_Party/FreeRTOS/Source/tasks.o
 .text.xTimerCreateTimerTask
                0x08005fd4       0x94 ./Middlewares/Third_Party/FreeRTOS/Source/timers.o
                0x08005fd4                xTimerCreateTimerTask
 .text.xTimerGenericCommand
                0x08006068       0x9c ./Middlewares/Third_Party/FreeRTOS/Source/timers.o
                0x08006068                xTimerGenericCommand
 .text.prvProcessExpiredTimer
                0x08006104       0x9c ./Middlewares/Third_Party/FreeRTOS/Source/timers.o
 .text.prvTimerTask
                0x080061a0       0x26 ./Middlewares/Third_Party/FreeRTOS/Source/timers.o
 *fill*         0x080061c6        0x2 
 .text.prvProcessTimerOrBlockTask
                0x080061c8       0x9c ./Middlewares/Third_Party/FreeRTOS/Source/timers.o
 .text.prvGetNextExpireTime
                0x08006264       0x48 ./Middlewares/Third_Party/FreeRTOS/Source/timers.o
 .text.prvSampleTimeNow
                0x080062ac       0x40 ./Middlewares/Third_Party/FreeRTOS/Source/timers.o
 .text.prvInsertTimerInActiveList
                0x080062ec       0x84 ./Middlewares/Third_Party/FreeRTOS/Source/timers.o
 .text.prvProcessReceivedCommands
                0x08006370      0x1cc ./Middlewares/Third_Party/FreeRTOS/Source/timers.o
 .text.prvSwitchTimerLists
                0x0800653c       0xcc ./Middlewares/Third_Party/FreeRTOS/Source/timers.o
 .text.prvCheckForValidListAndQueue
                0x08006608       0x80 ./Middlewares/Third_Party/FreeRTOS/Source/timers.o
 .text.pxPortInitialiseStack
                0x08006688       0x68 ./Middlewares/Third_Party/FreeRTOS/Source/portable/GCC/ARM_CM4F/port.o
                0x08006688                pxPortInitialiseStack
 .text.prvTaskExitError
                0x080066f0       0x5c ./Middlewares/Third_Party/FreeRTOS/Source/portable/GCC/ARM_CM4F/port.o
 *fill*         0x0800674c        0x4 
 .text.SVC_Handler
                0x08006750       0x28 ./Middlewares/Third_Party/FreeRTOS/Source/portable/GCC/ARM_CM4F/port.o
                0x08006750                SVC_Handler
 .text.prvPortStartFirstTask
                0x08006778       0x28 ./Middlewares/Third_Party/FreeRTOS/Source/portable/GCC/ARM_CM4F/port.o
 .text.xPortStartScheduler
                0x080067a0      0x148 ./Middlewares/Third_Party/FreeRTOS/Source/portable/GCC/ARM_CM4F/port.o
                0x080067a0                xPortStartScheduler
 .text.vPortEnterCritical
                0x080068e8       0x64 ./Middlewares/Third_Party/FreeRTOS/Source/portable/GCC/ARM_CM4F/port.o
                0x080068e8                vPortEnterCritical
 .text.vPortExitCritical
                0x0800694c       0x54 ./Middlewares/Third_Party/FreeRTOS/Source/portable/GCC/ARM_CM4F/port.o
                0x0800694c                vPortExitCritical
 .text.PendSV_Handler
                0x080069a0       0x68 ./Middlewares/Third_Party/FreeRTOS/Source/portable/GCC/ARM_CM4F/port.o
                0x080069a0                PendSV_Handler
 .text.xPortSysTickHandler
                0x08006a08       0x44 ./Middlewares/Third_Party/FreeRTOS/Source/portable/GCC/ARM_CM4F/port.o
                0x08006a08                xPortSysTickHandler
 .text.vPortSetupTimerInterrupt
                0x08006a4c       0x48 ./Middlewares/Third_Party/FreeRTOS/Source/portable/GCC/ARM_CM4F/port.o
                0x08006a4c                vPortSetupTimerInterrupt
 .text.vPortEnableVFP
                0x08006a94       0x14 ./Middlewares/Third_Party/FreeRTOS/Source/portable/GCC/ARM_CM4F/port.o
 .text.vPortValidateInterruptPriority
                0x08006aa8       0x84 ./Middlewares/Third_Party/FreeRTOS/Source/portable/GCC/ARM_CM4F/port.o
                0x08006aa8                vPortValidateInterruptPriority
 .text.pvPortMalloc
                0x08006b2c      0x19c ./Middlewares/Third_Party/FreeRTOS/Source/portable/MemMang/heap_4.o
                0x08006b2c                pvPortMalloc
 .text.vPortFree
                0x08006cc8       0xc8 ./Middlewares/Third_Party/FreeRTOS/Source/portable/MemMang/heap_4.o
                0x08006cc8                vPortFree
 .text.prvHeapInit
                0x08006d90       0xc4 ./Middlewares/Third_Party/FreeRTOS/Source/portable/MemMang/heap_4.o
 .text.prvInsertBlockIntoFreeList
                0x08006e54       0xb4 ./Middlewares/Third_Party/FreeRTOS/Source/portable/MemMang/heap_4.o
 .text.rosidl_typesupport_c__get_message_type_support_handle__geometry_msgs__msg__Twist
                0x08006f08       0x1c ../micro_ros_stm32cubemx_utils/microros_static_library_ide/libmicroros/libmicroros.a(libgeometry_msgs__rosidl_typesupport_c-twist__type_support.cpp.obj)
                0x08006f08                rosidl_typesupport_c__get_message_type_support_handle__geometry_msgs__msg__Twist
 .text.startup._GLOBAL__sub_I_rosidl_typesupport_c__get_message_type_support_handle__geometry_msgs__msg__Twist
                0x08006f24       0x14 ../micro_ros_stm32cubemx_utils/microros_static_library_ide/libmicroros/libmicroros.a(libgeometry_msgs__rosidl_typesupport_c-twist__type_support.cpp.obj)
 .text.geometry_msgs__msg__Twist__rosidl_typesupport_introspection_c__Twist_init_function
                0x08006f38        0x4 ../micro_ros_stm32cubemx_utils/microros_static_library_ide/libmicroros/libmicroros.a(libgeometry_msgs__rosidl_typesupport_introspection_c-twist__type_support.c.obj)
                0x08006f38                geometry_msgs__msg__Twist__rosidl_typesupport_introspection_c__Twist_init_function
 .text.geometry_msgs__msg__Twist__rosidl_typesupport_introspection_c__Twist_fini_function
                0x08006f3c        0x4 ../micro_ros_stm32cubemx_utils/microros_static_library_ide/libmicroros/libmicroros.a(libgeometry_msgs__rosidl_typesupport_introspection_c-twist__type_support.c.obj)
                0x08006f3c                geometry_msgs__msg__Twist__rosidl_typesupport_introspection_c__Twist_fini_function
 .text.rosidl_typesupport_introspection_c__get_message_type_support_handle__geometry_msgs__msg__Twist
                0x08006f40       0x30 ../micro_ros_stm32cubemx_utils/microros_static_library_ide/libmicroros/libmicroros.a(libgeometry_msgs__rosidl_typesupport_introspection_c-twist__type_support.c.obj)
                0x08006f40                rosidl_typesupport_introspection_c__get_message_type_support_handle__geometry_msgs__msg__Twist
 .text.geometry_msgs__msg__Vector3__rosidl_typesupport_introspection_c__Vector3_init_function
                0x08006f70        0x4 ../micro_ros_stm32cubemx_utils/microros_static_library_ide/libmicroros/libmicroros.a(libgeometry_msgs__rosidl_typesupport_introspection_c-vector3__type_support.c.obj)
                0x08006f70                geometry_msgs__msg__Vector3__rosidl_typesupport_introspection_c__Vector3_init_function
 .text.geometry_msgs__msg__Vector3__rosidl_typesupport_introspection_c__Vector3_fini_function
                0x08006f74        0x4 ../micro_ros_stm32cubemx_utils/microros_static_library_ide/libmicroros/libmicroros.a(libgeometry_msgs__rosidl_typesupport_introspection_c-vector3__type_support.c.obj)
                0x08006f74                geometry_msgs__msg__Vector3__rosidl_typesupport_introspection_c__Vector3_fini_function
 .text.rosidl_typesupport_introspection_c__get_message_type_support_handle__geometry_msgs__msg__Vector3
                0x08006f78       0x1c ../micro_ros_stm32cubemx_utils/microros_static_library_ide/libmicroros/libmicroros.a(libgeometry_msgs__rosidl_typesupport_introspection_c-vector3__type_support.c.obj)
                0x08006f78                rosidl_typesupport_introspection_c__get_message_type_support_handle__geometry_msgs__msg__Vector3
 .text.get_serialized_size_geometry_msgs__msg__Twist
                0x08006f94       0x1c ../micro_ros_stm32cubemx_utils/microros_static_library_ide/libmicroros/libmicroros.a(libgeometry_msgs__rosidl_typesupport_microxrcedds_c-twist__type_support_c.c.obj)
                0x08006f94                get_serialized_size_geometry_msgs__msg__Twist
 .text._Twist__cdr_deserialize
                0x08006fb0       0x30 ../micro_ros_stm32cubemx_utils/microros_static_library_ide/libmicroros/libmicroros.a(libgeometry_msgs__rosidl_typesupport_microxrcedds_c-twist__type_support_c.c.obj)
 .text._Twist__cdr_serialize
                0x08006fe0       0x34 ../micro_ros_stm32cubemx_utils/microros_static_library_ide/libmicroros/libmicroros.a(libgeometry_msgs__rosidl_typesupport_microxrcedds_c-twist__type_support_c.c.obj)
 .text._Twist__get_serialized_size
                0x08007014       0x1c ../micro_ros_stm32cubemx_utils/microros_static_library_ide/libmicroros/libmicroros.a(libgeometry_msgs__rosidl_typesupport_microxrcedds_c-twist__type_support_c.c.obj)
 .text._Twist__max_serialized_size
                0x08007030       0x28 ../micro_ros_stm32cubemx_utils/microros_static_library_ide/libmicroros/libmicroros.a(libgeometry_msgs__rosidl_typesupport_microxrcedds_c-twist__type_support_c.c.obj)
 .text.rosidl_typesupport_microxrcedds_c__get_message_type_support_handle__geometry_msgs__msg__Twist
                0x08007058        0x8 ../micro_ros_stm32cubemx_utils/microros_static_library_ide/libmicroros/libmicroros.a(libgeometry_msgs__rosidl_typesupport_microxrcedds_c-twist__type_support_c.c.obj)
                0x08007058                rosidl_typesupport_microxrcedds_c__get_message_type_support_handle__geometry_msgs__msg__Twist
 .text.get_serialized_size_geometry_msgs__msg__Vector3
                0x08007060       0x34 ../micro_ros_stm32cubemx_utils/microros_static_library_ide/libmicroros/libmicroros.a(libgeometry_msgs__rosidl_typesupport_microxrcedds_c-vector3__type_support_c.c.obj)
                0x08007060                get_serialized_size_geometry_msgs__msg__Vector3
 .text._Vector3__cdr_deserialize
                0x08007094       0x28 ../micro_ros_stm32cubemx_utils/microros_static_library_ide/libmicroros/libmicroros.a(libgeometry_msgs__rosidl_typesupport_microxrcedds_c-vector3__type_support_c.c.obj)
 .text._Vector3__cdr_serialize
                0x080070bc       0x2c ../micro_ros_stm32cubemx_utils/microros_static_library_ide/libmicroros/libmicroros.a(libgeometry_msgs__rosidl_typesupport_microxrcedds_c-vector3__type_support_c.c.obj)
 .text._Vector3__get_serialized_size
                0x080070e8       0x2c ../micro_ros_stm32cubemx_utils/microros_static_library_ide/libmicroros/libmicroros.a(libgeometry_msgs__rosidl_typesupport_microxrcedds_c-vector3__type_support_c.c.obj)
 .text._Vector3__max_serialized_size
                0x08007114       0x2c ../micro_ros_stm32cubemx_utils/microros_static_library_ide/libmicroros/libmicroros.a(libgeometry_msgs__rosidl_typesupport_microxrcedds_c-vector3__type_support_c.c.obj)
 .text.max_serialized_size_geometry_msgs__msg__Vector3
                0x08007140       0x38 ../micro_ros_stm32cubemx_utils/microros_static_library_ide/libmicroros/libmicroros.a(libgeometry_msgs__rosidl_typesupport_microxrcedds_c-vector3__type_support_c.c.obj)
                0x08007140                max_serialized_size_geometry_msgs__msg__Vector3
 .text.rosidl_typesupport_microxrcedds_c__get_message_type_support_handle__geometry_msgs__msg__Vector3
                0x08007178        0x8 ../micro_ros_stm32cubemx_utils/microros_static_library_ide/libmicroros/libmicroros.a(libgeometry_msgs__rosidl_typesupport_microxrcedds_c-vector3__type_support_c.c.obj)
                0x08007178                rosidl_typesupport_microxrcedds_c__get_message_type_support_handle__geometry_msgs__msg__Vector3
 .text.ucdr_serialize_bool
                0x08007180       0x2c ../micro_ros_stm32cubemx_utils/microros_static_library_ide/libmicroros/libmicroros.a(libmicrocdr-basic.c.obj)
                0x08007180                ucdr_serialize_bool
 .text.ucdr_deserialize_bool
                0x080071ac       0x30 ../micro_ros_stm32cubemx_utils/microros_static_library_ide/libmicroros/libmicroros.a(libmicrocdr-basic.c.obj)
                0x080071ac                ucdr_deserialize_bool
 .text.ucdr_serialize_uint8_t
                0x080071dc       0x2c ../micro_ros_stm32cubemx_utils/microros_static_library_ide/libmicroros/libmicroros.a(libmicrocdr-basic.c.obj)
                0x080071dc                ucdr_serialize_uint8_t
 .text.ucdr_deserialize_uint8_t
                0x08007208       0x2c ../micro_ros_stm32cubemx_utils/microros_static_library_ide/libmicroros/libmicroros.a(libmicrocdr-basic.c.obj)
                0x08007208                ucdr_deserialize_uint8_t
 .text.ucdr_serialize_uint16_t
                0x08007234      0x100 ../micro_ros_stm32cubemx_utils/microros_static_library_ide/libmicroros/libmicroros.a(libmicrocdr-basic.c.obj)
                0x08007234                ucdr_serialize_uint16_t
 .text.ucdr_serialize_endian_uint16_t
                0x08007334      0x100 ../micro_ros_stm32cubemx_utils/microros_static_library_ide/libmicroros/libmicroros.a(libmicrocdr-basic.c.obj)
                0x08007334                ucdr_serialize_endian_uint16_t
 .text.ucdr_deserialize_uint16_t
                0x08007434       0xe8 ../micro_ros_stm32cubemx_utils/microros_static_library_ide/libmicroros/libmicroros.a(libmicrocdr-basic.c.obj)
                0x08007434                ucdr_deserialize_uint16_t
 .text.ucdr_deserialize_endian_uint16_t
                0x0800751c       0xec ../micro_ros_stm32cubemx_utils/microros_static_library_ide/libmicroros/libmicroros.a(libmicrocdr-basic.c.obj)
                0x0800751c                ucdr_deserialize_endian_uint16_t
 .text.ucdr_serialize_uint32_t
                0x08007608      0x130 ../micro_ros_stm32cubemx_utils/microros_static_library_ide/libmicroros/libmicroros.a(libmicrocdr-basic.c.obj)
                0x08007608                ucdr_serialize_uint32_t
 .text.ucdr_serialize_endian_uint32_t
                0x08007738      0x130 ../micro_ros_stm32cubemx_utils/microros_static_library_ide/libmicroros/libmicroros.a(libmicrocdr-basic.c.obj)
                0x08007738                ucdr_serialize_endian_uint32_t
 .text.ucdr_deserialize_uint32_t
                0x08007868      0x120 ../micro_ros_stm32cubemx_utils/microros_static_library_ide/libmicroros/libmicroros.a(libmicrocdr-basic.c.obj)
                0x08007868                ucdr_deserialize_uint32_t
 .text.ucdr_deserialize_endian_uint32_t
                0x08007988      0x12c ../micro_ros_stm32cubemx_utils/microros_static_library_ide/libmicroros/libmicroros.a(libmicrocdr-basic.c.obj)
                0x08007988                ucdr_deserialize_endian_uint32_t
 .text.ucdr_serialize_uint64_t
                0x08007ab4      0x1a0 ../micro_ros_stm32cubemx_utils/microros_static_library_ide/libmicroros/libmicroros.a(libmicrocdr-basic.c.obj)
                0x08007ab4                ucdr_serialize_uint64_t
 .text.ucdr_serialize_int16_t
                0x08007c54      0x100 ../micro_ros_stm32cubemx_utils/microros_static_library_ide/libmicroros/libmicroros.a(libmicrocdr-basic.c.obj)
                0x08007c54                ucdr_serialize_int16_t
 .text.ucdr_deserialize_int16_t
                0x08007d54       0xe8 ../micro_ros_stm32cubemx_utils/microros_static_library_ide/libmicroros/libmicroros.a(libmicrocdr-basic.c.obj)
                0x08007d54                ucdr_deserialize_int16_t
 .text.ucdr_deserialize_int32_t
                0x08007e3c      0x120 ../micro_ros_stm32cubemx_utils/microros_static_library_ide/libmicroros/libmicroros.a(libmicrocdr-basic.c.obj)
                0x08007e3c                ucdr_deserialize_int32_t
 .text.ucdr_serialize_double
                0x08007f5c      0x1a0 ../micro_ros_stm32cubemx_utils/microros_static_library_ide/libmicroros/libmicroros.a(libmicrocdr-basic.c.obj)
                0x08007f5c                ucdr_serialize_double
 .text.ucdr_deserialize_double
                0x080080fc      0x18c ../micro_ros_stm32cubemx_utils/microros_static_library_ide/libmicroros/libmicroros.a(libmicrocdr-basic.c.obj)
                0x080080fc                ucdr_deserialize_double
 .text.ucdr_check_buffer_available_for
                0x08008288       0x18 ../micro_ros_stm32cubemx_utils/microros_static_library_ide/libmicroros/libmicroros.a(libmicrocdr-common.c.obj)
                0x08008288                ucdr_check_buffer_available_for
 .text.ucdr_check_final_buffer_behavior
                0x080082a0       0x38 ../micro_ros_stm32cubemx_utils/microros_static_library_ide/libmicroros/libmicroros.a(libmicrocdr-common.c.obj)
                0x080082a0                ucdr_check_final_buffer_behavior
 .text.ucdr_set_on_full_buffer_callback
                0x080082d8        0x8 ../micro_ros_stm32cubemx_utils/microros_static_library_ide/libmicroros/libmicroros.a(libmicrocdr-common.c.obj)
                0x080082d8                ucdr_set_on_full_buffer_callback
 .text.ucdr_init_buffer_origin_offset_endian
                0x080082e0       0x2c ../micro_ros_stm32cubemx_utils/microros_static_library_ide/libmicroros/libmicroros.a(libmicrocdr-common.c.obj)
                0x080082e0                ucdr_init_buffer_origin_offset_endian
 .text.ucdr_init_buffer_origin_offset
                0x0800830c       0x14 ../micro_ros_stm32cubemx_utils/microros_static_library_ide/libmicroros/libmicroros.a(libmicrocdr-common.c.obj)
                0x0800830c                ucdr_init_buffer_origin_offset
 .text.ucdr_init_buffer_origin
                0x08008320       0x10 ../micro_ros_stm32cubemx_utils/microros_static_library_ide/libmicroros/libmicroros.a(libmicrocdr-common.c.obj)
                0x08008320                ucdr_init_buffer_origin
 .text.ucdr_init_buffer
                0x08008330        0x8 ../micro_ros_stm32cubemx_utils/microros_static_library_ide/libmicroros/libmicroros.a(libmicrocdr-common.c.obj)
                0x08008330                ucdr_init_buffer
 .text.ucdr_alignment
                0x08008338       0x10 ../micro_ros_stm32cubemx_utils/microros_static_library_ide/libmicroros/libmicroros.a(libmicrocdr-common.c.obj)
                0x08008338                ucdr_alignment
 .text.ucdr_buffer_alignment
                0x08008348       0x1c ../micro_ros_stm32cubemx_utils/microros_static_library_ide/libmicroros/libmicroros.a(libmicrocdr-common.c.obj)
                0x08008348                ucdr_buffer_alignment
 .text.ucdr_align_to
                0x08008364       0x24 ../micro_ros_stm32cubemx_utils/microros_static_library_ide/libmicroros/libmicroros.a(libmicrocdr-common.c.obj)
                0x08008364                ucdr_align_to
 .text.ucdr_buffer_length
                0x08008388        0x8 ../micro_ros_stm32cubemx_utils/microros_static_library_ide/libmicroros/libmicroros.a(libmicrocdr-common.c.obj)
                0x08008388                ucdr_buffer_length
 .text.ucdr_buffer_remaining
                0x08008390        0x8 ../micro_ros_stm32cubemx_utils/microros_static_library_ide/libmicroros/libmicroros.a(libmicrocdr-common.c.obj)
                0x08008390                ucdr_buffer_remaining
 .text.ucdr_check_final_buffer_behavior_array
                0x08008398       0x38 ../micro_ros_stm32cubemx_utils/microros_static_library_ide/libmicroros/libmicroros.a(libmicrocdr-common.c.obj)
                0x08008398                ucdr_check_final_buffer_behavior_array
 .text.ucdr_advance_buffer
                0x080083d0       0x40 ../micro_ros_stm32cubemx_utils/microros_static_library_ide/libmicroros/libmicroros.a(libmicrocdr-common.c.obj)
                0x080083d0                ucdr_advance_buffer
 .text.rcl_get_zero_initialized_publisher
                0x08008410        0xc ../micro_ros_stm32cubemx_utils/microros_static_library_ide/libmicroros/libmicroros.a(librcl-publisher.c.obj)
                0x08008410                rcl_get_zero_initialized_publisher
 .text.rcl_publisher_init
                0x0800841c      0x12c ../micro_ros_stm32cubemx_utils/microros_static_library_ide/libmicroros/libmicroros.a(librcl-publisher.c.obj)
                0x0800841c                rcl_publisher_init
 .text.rcl_publisher_get_default_options
                0x08008548       0x5c ../micro_ros_stm32cubemx_utils/microros_static_library_ide/libmicroros/libmicroros.a(librcl-publisher.c.obj)
                0x08008548                rcl_publisher_get_default_options
 .text.rcl_publish
                0x080085a4       0x48 ../micro_ros_stm32cubemx_utils/microros_static_library_ide/libmicroros/libmicroros.a(librcl-publisher.c.obj)
                0x080085a4                rcl_publish
 .text.rclc_support_init
                0x080085ec       0x94 ../micro_ros_stm32cubemx_utils/microros_static_library_ide/libmicroros/libmicroros.a(librclc-init.c.obj)
                0x080085ec                rclc_support_init
 .text.rclc_node_init_default
                0x08008680       0x78 ../micro_ros_stm32cubemx_utils/microros_static_library_ide/libmicroros/libmicroros.a(librclc-node.c.obj)
                0x08008680                rclc_node_init_default
 .text.rclc_publisher_init_default
                0x080086f8       0x68 ../micro_ros_stm32cubemx_utils/microros_static_library_ide/libmicroros/libmicroros.a(librclc-publisher.c.obj)
                0x080086f8                rclc_publisher_init_default
 .text.__default_zero_allocate
                0x08008760        0x4 ../micro_ros_stm32cubemx_utils/microros_static_library_ide/libmicroros/libmicroros.a(librcutils-allocator.c.obj)
 .text.__default_reallocate
                0x08008764        0x4 ../micro_ros_stm32cubemx_utils/microros_static_library_ide/libmicroros/libmicroros.a(librcutils-allocator.c.obj)
 .text.__default_deallocate
                0x08008768        0x4 ../micro_ros_stm32cubemx_utils/microros_static_library_ide/libmicroros/libmicroros.a(librcutils-allocator.c.obj)
 .text.__default_allocate
                0x0800876c        0x4 ../micro_ros_stm32cubemx_utils/microros_static_library_ide/libmicroros/libmicroros.a(librcutils-allocator.c.obj)
 .text.rcutils_get_zero_initialized_allocator
                0x08008770       0x1c ../micro_ros_stm32cubemx_utils/microros_static_library_ide/libmicroros/libmicroros.a(librcutils-allocator.c.obj)
                0x08008770                rcutils_get_zero_initialized_allocator
 .text.rcutils_set_default_allocator
                0x0800878c       0x3c ../micro_ros_stm32cubemx_utils/microros_static_library_ide/libmicroros/libmicroros.a(librcutils-allocator.c.obj)
                0x0800878c                rcutils_set_default_allocator
 .text.rcutils_get_default_allocator
                0x080087c8       0x1c ../micro_ros_stm32cubemx_utils/microros_static_library_ide/libmicroros/libmicroros.a(librcutils-allocator.c.obj)
                0x080087c8                rcutils_get_default_allocator
 .text.rcutils_allocator_is_valid
                0x080087e4       0x1c ../micro_ros_stm32cubemx_utils/microros_static_library_ide/libmicroros/libmicroros.a(librcutils-allocator.c.obj)
                0x080087e4                rcutils_allocator_is_valid
 .text.rcutils_get_error_string
                0x08008800       0x2c ../micro_ros_stm32cubemx_utils/microros_static_library_ide/libmicroros/libmicroros.a(librcutils-error_handling.c.obj)
                0x08008800                rcutils_get_error_string
 *fill*         0x0800882c        0x4 
 .text.rcutils_reset_error
                0x08008830       0x38 ../micro_ros_stm32cubemx_utils/microros_static_library_ide/libmicroros/libmicroros.a(librcutils-error_handling.c.obj)
                0x08008830                rcutils_reset_error
 .text.rmw_get_default_publisher_options
                0x08008868        0x8 ../micro_ros_stm32cubemx_utils/microros_static_library_ide/libmicroros/libmicroros.a(librmw-publisher_options.c.obj)
                0x08008868                rmw_get_default_publisher_options
 .text.rmw_uros_set_custom_transport
                0x08008870       0x2c ../micro_ros_stm32cubemx_utils/microros_static_library_ide/libmicroros/libmicroros.a(librmw_microxrcedds-custom_transport.c.obj)
                0x08008870                rmw_uros_set_custom_transport
 .text.flush_session
                0x0800889c        0x8 ../micro_ros_stm32cubemx_utils/microros_static_library_ide/libmicroros/libmicroros.a(librmw_microxrcedds-rmw_publish.c.obj)
                0x0800889c                flush_session
 .text.rmw_publish
                0x080088a4       0xc0 ../micro_ros_stm32cubemx_utils/microros_static_library_ide/libmicroros/libmicroros.a(librmw_microxrcedds-rmw_publish.c.obj)
                0x080088a4                rmw_publish
 .text.rmw_create_publisher
                0x08008964      0x1bc ../micro_ros_stm32cubemx_utils/microros_static_library_ide/libmicroros/libmicroros.a(librmw_microxrcedds-rmw_publisher.c.obj)
                0x08008964                rmw_create_publisher
 .text.rmw_publisher_get_actual_qos
                0x08008b20       0x20 ../micro_ros_stm32cubemx_utils/microros_static_library_ide/libmicroros/libmicroros.a(librmw_microxrcedds-rmw_publisher.c.obj)
                0x08008b20                rmw_publisher_get_actual_qos
 .text.rmw_destroy_publisher
                0x08008b40       0xa4 ../micro_ros_stm32cubemx_utils/microros_static_library_ide/libmicroros/libmicroros.a(librmw_microxrcedds-rmw_publisher.c.obj)
                0x08008b40                rmw_destroy_publisher
 .text.rmw_uxrce_init_service_memory
                0x08008be4       0x40 ../micro_ros_stm32cubemx_utils/microros_static_library_ide/libmicroros/libmicroros.a(librmw_microxrcedds-types.c.obj)
                0x08008be4                rmw_uxrce_init_service_memory
 .text.rmw_uxrce_init_client_memory
                0x08008c24       0x40 ../micro_ros_stm32cubemx_utils/microros_static_library_ide/libmicroros/libmicroros.a(librmw_microxrcedds-types.c.obj)
                0x08008c24                rmw_uxrce_init_client_memory
 .text.rmw_uxrce_init_publisher_memory
                0x08008c64       0x40 ../micro_ros_stm32cubemx_utils/microros_static_library_ide/libmicroros/libmicroros.a(librmw_microxrcedds-types.c.obj)
                0x08008c64                rmw_uxrce_init_publisher_memory
 .text.rmw_uxrce_init_subscription_memory
                0x08008ca4       0x40 ../micro_ros_stm32cubemx_utils/microros_static_library_ide/libmicroros/libmicroros.a(librmw_microxrcedds-types.c.obj)
                0x08008ca4                rmw_uxrce_init_subscription_memory
 .text.rmw_uxrce_init_node_memory
                0x08008ce4       0x40 ../micro_ros_stm32cubemx_utils/microros_static_library_ide/libmicroros/libmicroros.a(librmw_microxrcedds-types.c.obj)
                0x08008ce4                rmw_uxrce_init_node_memory
 .text.rmw_uxrce_init_session_memory
                0x08008d24       0x40 ../micro_ros_stm32cubemx_utils/microros_static_library_ide/libmicroros/libmicroros.a(librmw_microxrcedds-types.c.obj)
                0x08008d24                rmw_uxrce_init_session_memory
 .text.rmw_uxrce_init_topic_memory
                0x08008d64       0x40 ../micro_ros_stm32cubemx_utils/microros_static_library_ide/libmicroros/libmicroros.a(librmw_microxrcedds-types.c.obj)
                0x08008d64                rmw_uxrce_init_topic_memory
 .text.rmw_uxrce_init_static_input_buffer_memory
                0x08008da4       0x40 ../micro_ros_stm32cubemx_utils/microros_static_library_ide/libmicroros/libmicroros.a(librmw_microxrcedds-types.c.obj)
                0x08008da4                rmw_uxrce_init_static_input_buffer_memory
 .text.rmw_uxrce_init_init_options_impl_memory
                0x08008de4       0x40 ../micro_ros_stm32cubemx_utils/microros_static_library_ide/libmicroros/libmicroros.a(librmw_microxrcedds-types.c.obj)
                0x08008de4                rmw_uxrce_init_init_options_impl_memory
 .text.rmw_uxrce_init_wait_set_memory
                0x08008e24       0x40 ../micro_ros_stm32cubemx_utils/microros_static_library_ide/libmicroros/libmicroros.a(librmw_microxrcedds-types.c.obj)
                0x08008e24                rmw_uxrce_init_wait_set_memory
 .text.rmw_uxrce_init_guard_condition_memory
                0x08008e64       0x40 ../micro_ros_stm32cubemx_utils/microros_static_library_ide/libmicroros/libmicroros.a(librmw_microxrcedds-types.c.obj)
                0x08008e64                rmw_uxrce_init_guard_condition_memory
 .text.rmw_uxrce_fini_session_memory
                0x08008ea4        0xc ../micro_ros_stm32cubemx_utils/microros_static_library_ide/libmicroros/libmicroros.a(librmw_microxrcedds-types.c.obj)
                0x08008ea4                rmw_uxrce_fini_session_memory
 .text.rmw_uxrce_fini_node_memory
                0x08008eb0       0x30 ../micro_ros_stm32cubemx_utils/microros_static_library_ide/libmicroros/libmicroros.a(librmw_microxrcedds-types.c.obj)
                0x08008eb0                rmw_uxrce_fini_node_memory
 .text.rmw_uxrce_fini_publisher_memory
                0x08008ee0       0x2c ../micro_ros_stm32cubemx_utils/microros_static_library_ide/libmicroros/libmicroros.a(librmw_microxrcedds-types.c.obj)
                0x08008ee0                rmw_uxrce_fini_publisher_memory
 .text.rmw_uxrce_fini_subscription_memory
                0x08008f0c       0x2c ../micro_ros_stm32cubemx_utils/microros_static_library_ide/libmicroros/libmicroros.a(librmw_microxrcedds-types.c.obj)
                0x08008f0c                rmw_uxrce_fini_subscription_memory
 .text.rmw_uxrce_fini_service_memory
                0x08008f38       0x2c ../micro_ros_stm32cubemx_utils/microros_static_library_ide/libmicroros/libmicroros.a(librmw_microxrcedds-types.c.obj)
                0x08008f38                rmw_uxrce_fini_service_memory
 .text.rmw_uxrce_fini_client_memory
                0x08008f64       0x2c ../micro_ros_stm32cubemx_utils/microros_static_library_ide/libmicroros/libmicroros.a(librmw_microxrcedds-types.c.obj)
                0x08008f64                rmw_uxrce_fini_client_memory
 .text.rmw_uxrce_fini_topic_memory
                0x08008f90       0x18 ../micro_ros_stm32cubemx_utils/microros_static_library_ide/libmicroros/libmicroros.a(librmw_microxrcedds-types.c.obj)
                0x08008f90                rmw_uxrce_fini_topic_memory
 .text.rmw_uxrce_get_static_input_buffer_for_entity
                0x08008fa8       0xa0 ../micro_ros_stm32cubemx_utils/microros_static_library_ide/libmicroros/libmicroros.a(librmw_microxrcedds-types.c.obj)
                0x08008fa8                rmw_uxrce_get_static_input_buffer_for_entity
 .text.run_xrce_session
                0x08009048       0x38 ../micro_ros_stm32cubemx_utils/microros_static_library_ide/libmicroros/libmicroros.a(librmw_microxrcedds-utils.c.obj)
                0x08009048                run_xrce_session
 .text.convert_qos_profile
                0x08009080       0x34 ../micro_ros_stm32cubemx_utils/microros_static_library_ide/libmicroros/libmicroros.a(librmw_microxrcedds-utils.c.obj)
                0x08009080                convert_qos_profile
 .text.generate_type_name
                0x080090b4       0x60 ../micro_ros_stm32cubemx_utils/microros_static_library_ide/libmicroros/libmicroros.a(librmw_microxrcedds-utils.c.obj)
                0x080090b4                generate_type_name
 .text.generate_topic_name
                0x08009114       0x34 ../micro_ros_stm32cubemx_utils/microros_static_library_ide/libmicroros/libmicroros.a(librmw_microxrcedds-utils.c.obj)
                0x08009114                generate_topic_name
 .text.is_uxrce_rmw_identifier_valid
                0x08009148       0x1c ../micro_ros_stm32cubemx_utils/microros_static_library_ide/libmicroros/libmicroros.a(librmw_microxrcedds-utils.c.obj)
                0x08009148                is_uxrce_rmw_identifier_valid
 .text.get_message_typesupport_handle
                0x08009164        0x4 ../micro_ros_stm32cubemx_utils/microros_static_library_ide/libmicroros/libmicroros.a(librosidl_runtime_c-message_type_support.c.obj)
                0x08009164                get_message_typesupport_handle
 .text.get_message_typesupport_handle_function
                0x08009168       0x14 ../micro_ros_stm32cubemx_utils/microros_static_library_ide/libmicroros/libmicroros.a(librosidl_runtime_c-message_type_support.c.obj)
                0x08009168                get_message_typesupport_handle_function
 .text.rosidl_typesupport_c__get_message_typesupport_handle_function
                0x0800917c       0x5c ../micro_ros_stm32cubemx_utils/microros_static_library_ide/libmicroros/libmicroros.a(librosidl_typesupport_c-message_type_support_dispatch.cpp.obj)
                0x0800917c                rosidl_typesupport_c__get_message_typesupport_handle_function
 .text.geometry_msgs__msg__Twist__init
                0x080091d8       0x48 ../micro_ros_stm32cubemx_utils/microros_static_library_ide/libmicroros/libmicroros.a(libgeometry_msgs__rosidl_generator_c-twist__functions.c.obj)
                0x080091d8                geometry_msgs__msg__Twist__init
 .text.geometry_msgs__msg__Twist__fini
                0x08009220       0x18 ../micro_ros_stm32cubemx_utils/microros_static_library_ide/libmicroros/libmicroros.a(libgeometry_msgs__rosidl_generator_c-twist__functions.c.obj)
                0x08009220                geometry_msgs__msg__Twist__fini
 .text.geometry_msgs__msg__Vector3__init
                0x08009238        0x8 ../micro_ros_stm32cubemx_utils/microros_static_library_ide/libmicroros/libmicroros.a(libgeometry_msgs__rosidl_generator_c-vector3__functions.c.obj)
                0x08009238                geometry_msgs__msg__Vector3__init
 .text.geometry_msgs__msg__Vector3__fini
                0x08009240        0x4 ../micro_ros_stm32cubemx_utils/microros_static_library_ide/libmicroros/libmicroros.a(libgeometry_msgs__rosidl_generator_c-vector3__functions.c.obj)
                0x08009240                geometry_msgs__msg__Vector3__fini
 .text.uxr_buffer_delete_entity
                0x08009244       0x40 ../micro_ros_stm32cubemx_utils/microros_static_library_ide/libmicroros/libmicroros.a(libmicroxrcedds_client-common_create_entities.c.obj)
                0x08009244                uxr_buffer_delete_entity
 .text.uxr_common_create_entity
                0x08009284       0x58 ../micro_ros_stm32cubemx_utils/microros_static_library_ide/libmicroros/libmicroros.a(libmicroxrcedds_client-common_create_entities.c.obj)
                0x08009284                uxr_common_create_entity
 .text.uxr_buffer_create_participant_bin
                0x080092dc       0x64 ../micro_ros_stm32cubemx_utils/microros_static_library_ide/libmicroros/libmicroros.a(libmicroxrcedds_client-create_entities_bin.c.obj)
                0x080092dc                uxr_buffer_create_participant_bin
 .text.uxr_buffer_create_topic_bin
                0x08009340       0x6c ../micro_ros_stm32cubemx_utils/microros_static_library_ide/libmicroros/libmicroros.a(libmicroxrcedds_client-create_entities_bin.c.obj)
                0x08009340                uxr_buffer_create_topic_bin
 .text.uxr_buffer_create_publisher_bin
                0x080093ac       0x60 ../micro_ros_stm32cubemx_utils/microros_static_library_ide/libmicroros/libmicroros.a(libmicroxrcedds_client-create_entities_bin.c.obj)
                0x080093ac                uxr_buffer_create_publisher_bin
 .text.uxr_buffer_create_datawriter_bin
                0x0800940c       0xec ../micro_ros_stm32cubemx_utils/microros_static_library_ide/libmicroros/libmicroros.a(libmicroxrcedds_client-create_entities_bin.c.obj)
                0x0800940c                uxr_buffer_create_datawriter_bin
 .text.uxr_object_id
                0x080094f8       0x1c ../micro_ros_stm32cubemx_utils/microros_static_library_ide/libmicroros/libmicroros.a(libmicroxrcedds_client-object_id.c.obj)
                0x080094f8                uxr_object_id
 .text.uxr_object_id_from_raw
                0x08009514       0x28 ../micro_ros_stm32cubemx_utils/microros_static_library_ide/libmicroros/libmicroros.a(libmicroxrcedds_client-object_id.c.obj)
                0x08009514                uxr_object_id_from_raw
 .text.uxr_object_id_to_raw
                0x0800953c       0x1c ../micro_ros_stm32cubemx_utils/microros_static_library_ide/libmicroros/libmicroros.a(libmicroxrcedds_client-object_id.c.obj)
                0x0800953c                uxr_object_id_to_raw
 .text.on_get_fragmentation_info
                0x08009558       0x44 ../micro_ros_stm32cubemx_utils/microros_static_library_ide/libmicroros/libmicroros.a(libmicroxrcedds_client-session.c.obj)
 .text.read_submessage_get_info
                0x0800959c       0x6c ../micro_ros_stm32cubemx_utils/microros_static_library_ide/libmicroros/libmicroros.a(libmicroxrcedds_client-session.c.obj)
 .text.write_submessage_acknack.isra.0
                0x08009608       0x6c ../micro_ros_stm32cubemx_utils/microros_static_library_ide/libmicroros/libmicroros.a(libmicroxrcedds_client-session.c.obj)
 *fill*         0x08009674        0x4 
 .text.uxr_init_session
                0x08009678       0x40 ../micro_ros_stm32cubemx_utils/microros_static_library_ide/libmicroros/libmicroros.a(libmicroxrcedds_client-session.c.obj)
                0x08009678                uxr_init_session
 .text.uxr_set_status_callback
                0x080096b8        0x8 ../micro_ros_stm32cubemx_utils/microros_static_library_ide/libmicroros/libmicroros.a(libmicroxrcedds_client-session.c.obj)
                0x080096b8                uxr_set_status_callback
 .text.uxr_set_topic_callback
                0x080096c0        0x8 ../micro_ros_stm32cubemx_utils/microros_static_library_ide/libmicroros/libmicroros.a(libmicroxrcedds_client-session.c.obj)
                0x080096c0                uxr_set_topic_callback
 .text.uxr_set_request_callback
                0x080096c8        0x8 ../micro_ros_stm32cubemx_utils/microros_static_library_ide/libmicroros/libmicroros.a(libmicroxrcedds_client-session.c.obj)
                0x080096c8                uxr_set_request_callback
 .text.uxr_set_reply_callback
                0x080096d0        0x8 ../micro_ros_stm32cubemx_utils/microros_static_library_ide/libmicroros/libmicroros.a(libmicroxrcedds_client-session.c.obj)
                0x080096d0                uxr_set_reply_callback
 .text.uxr_create_output_best_effort_stream
                0x080096d8       0x24 ../micro_ros_stm32cubemx_utils/microros_static_library_ide/libmicroros/libmicroros.a(libmicroxrcedds_client-session.c.obj)
                0x080096d8                uxr_create_output_best_effort_stream
 .text.uxr_create_output_reliable_stream
                0x080096fc       0x44 ../micro_ros_stm32cubemx_utils/microros_static_library_ide/libmicroros/libmicroros.a(libmicroxrcedds_client-session.c.obj)
                0x080096fc                uxr_create_output_reliable_stream
 .text.uxr_create_input_best_effort_stream
                0x08009740        0xc ../micro_ros_stm32cubemx_utils/microros_static_library_ide/libmicroros/libmicroros.a(libmicroxrcedds_client-session.c.obj)
                0x08009740                uxr_create_input_best_effort_stream
 .text.uxr_create_input_reliable_stream
                0x0800974c       0x38 ../micro_ros_stm32cubemx_utils/microros_static_library_ide/libmicroros/libmicroros.a(libmicroxrcedds_client-session.c.obj)
                0x0800974c                uxr_create_input_reliable_stream
 .text.uxr_epoch_nanos
                0x08009784       0x14 ../micro_ros_stm32cubemx_utils/microros_static_library_ide/libmicroros/libmicroros.a(libmicroxrcedds_client-session.c.obj)
                0x08009784                uxr_epoch_nanos
 .text.uxr_flash_output_streams
                0x08009798       0xec ../micro_ros_stm32cubemx_utils/microros_static_library_ide/libmicroros/libmicroros.a(libmicroxrcedds_client-session.c.obj)
                0x08009798                uxr_flash_output_streams
 .text.read_submessage_info
                0x08009884       0x90 ../micro_ros_stm32cubemx_utils/microros_static_library_ide/libmicroros/libmicroros.a(libmicroxrcedds_client-session.c.obj)
                0x08009884                read_submessage_info
 .text.read_submessage_list
                0x08009914      0x310 ../micro_ros_stm32cubemx_utils/microros_static_library_ide/libmicroros/libmicroros.a(libmicroxrcedds_client-session.c.obj)
 .text.listen_message_reliably
                0x08009c24      0x280 ../micro_ros_stm32cubemx_utils/microros_static_library_ide/libmicroros/libmicroros.a(libmicroxrcedds_client-session.c.obj)
 .text.uxr_run_session_until_confirm_delivery
                0x08009ea4       0x4c ../micro_ros_stm32cubemx_utils/microros_static_library_ide/libmicroros/libmicroros.a(libmicroxrcedds_client-session.c.obj)
                0x08009ea4                uxr_run_session_until_confirm_delivery
 .text.uxr_run_session_until_all_status
                0x08009ef0       0xa4 ../micro_ros_stm32cubemx_utils/microros_static_library_ide/libmicroros/libmicroros.a(libmicroxrcedds_client-session.c.obj)
                0x08009ef0                uxr_run_session_until_all_status
 .text.wait_session_status
                0x08009f94      0x1a0 ../micro_ros_stm32cubemx_utils/microros_static_library_ide/libmicroros/libmicroros.a(libmicroxrcedds_client-session.c.obj)
 .text.uxr_delete_session_retries
                0x0800a134       0x50 ../micro_ros_stm32cubemx_utils/microros_static_library_ide/libmicroros/libmicroros.a(libmicroxrcedds_client-session.c.obj)
                0x0800a134                uxr_delete_session_retries
 .text.uxr_create_session
                0x0800a184      0x1bc ../micro_ros_stm32cubemx_utils/microros_static_library_ide/libmicroros/libmicroros.a(libmicroxrcedds_client-session.c.obj)
                0x0800a184                uxr_create_session
 .text.uxr_prepare_stream_to_write_submessage
                0x0800a340       0x88 ../micro_ros_stm32cubemx_utils/microros_static_library_ide/libmicroros/libmicroros.a(libmicroxrcedds_client-session.c.obj)
                0x0800a340                uxr_prepare_stream_to_write_submessage
 .text.uxr_init_session_info
                0x0800a3c8       0x20 ../micro_ros_stm32cubemx_utils/microros_static_library_ide/libmicroros/libmicroros.a(libmicroxrcedds_client-session_info.c.obj)
                0x0800a3c8                uxr_init_session_info
 .text.uxr_buffer_create_session
                0x0800a3e8       0x54 ../micro_ros_stm32cubemx_utils/microros_static_library_ide/libmicroros/libmicroros.a(libmicroxrcedds_client-session_info.c.obj)
                0x0800a3e8                uxr_buffer_create_session
 .text.uxr_buffer_delete_session
                0x0800a43c       0x38 ../micro_ros_stm32cubemx_utils/microros_static_library_ide/libmicroros/libmicroros.a(libmicroxrcedds_client-session_info.c.obj)
                0x0800a43c                uxr_buffer_delete_session
 .text.uxr_read_create_session_status
                0x0800a474       0x18 ../micro_ros_stm32cubemx_utils/microros_static_library_ide/libmicroros/libmicroros.a(libmicroxrcedds_client-session_info.c.obj)
                0x0800a474                uxr_read_create_session_status
 .text.uxr_read_delete_session_status
                0x0800a48c       0x3c ../micro_ros_stm32cubemx_utils/microros_static_library_ide/libmicroros/libmicroros.a(libmicroxrcedds_client-session_info.c.obj)
                0x0800a48c                uxr_read_delete_session_status
 .text.uxr_stamp_create_session_header
                0x0800a4c8       0x28 ../micro_ros_stm32cubemx_utils/microros_static_library_ide/libmicroros/libmicroros.a(libmicroxrcedds_client-session_info.c.obj)
                0x0800a4c8                uxr_stamp_create_session_header
 .text.uxr_stamp_session_header
                0x0800a4f0       0x28 ../micro_ros_stm32cubemx_utils/microros_static_library_ide/libmicroros/libmicroros.a(libmicroxrcedds_client-session_info.c.obj)
                0x0800a4f0                uxr_stamp_session_header
 .text.uxr_read_session_header
                0x0800a518       0x84 ../micro_ros_stm32cubemx_utils/microros_static_library_ide/libmicroros/libmicroros.a(libmicroxrcedds_client-session_info.c.obj)
                0x0800a518                uxr_read_session_header
 .text.uxr_session_header_offset
                0x0800a59c       0x10 ../micro_ros_stm32cubemx_utils/microros_static_library_ide/libmicroros/libmicroros.a(libmicroxrcedds_client-session_info.c.obj)
                0x0800a59c                uxr_session_header_offset
 .text.uxr_init_base_object_request
                0x0800a5ac       0x3c ../micro_ros_stm32cubemx_utils/microros_static_library_ide/libmicroros/libmicroros.a(libmicroxrcedds_client-session_info.c.obj)
                0x0800a5ac                uxr_init_base_object_request
 .text.uxr_parse_base_object_request
                0x0800a5e8       0x24 ../micro_ros_stm32cubemx_utils/microros_static_library_ide/libmicroros/libmicroros.a(libmicroxrcedds_client-session_info.c.obj)
                0x0800a5e8                uxr_parse_base_object_request
 .text.uxr_stream_id
                0x0800a60c       0x54 ../micro_ros_stm32cubemx_utils/microros_static_library_ide/libmicroros/libmicroros.a(libmicroxrcedds_client-stream_id.c.obj)
                0x0800a60c                uxr_stream_id
 .text.uxr_stream_id_from_raw
                0x0800a660       0x54 ../micro_ros_stm32cubemx_utils/microros_static_library_ide/libmicroros/libmicroros.a(libmicroxrcedds_client-stream_id.c.obj)
                0x0800a660                uxr_stream_id_from_raw
 .text.uxr_init_stream_storage
                0x0800a6b4       0x14 ../micro_ros_stm32cubemx_utils/microros_static_library_ide/libmicroros/libmicroros.a(libmicroxrcedds_client-stream_storage.c.obj)
                0x0800a6b4                uxr_init_stream_storage
 .text.uxr_reset_stream_storage
                0x0800a6c8       0x80 ../micro_ros_stm32cubemx_utils/microros_static_library_ide/libmicroros/libmicroros.a(libmicroxrcedds_client-stream_storage.c.obj)
                0x0800a6c8                uxr_reset_stream_storage
 .text.uxr_add_output_best_effort_buffer
                0x0800a748       0x28 ../micro_ros_stm32cubemx_utils/microros_static_library_ide/libmicroros/libmicroros.a(libmicroxrcedds_client-stream_storage.c.obj)
                0x0800a748                uxr_add_output_best_effort_buffer
 .text.uxr_add_output_reliable_buffer
                0x0800a770       0x34 ../micro_ros_stm32cubemx_utils/microros_static_library_ide/libmicroros/libmicroros.a(libmicroxrcedds_client-stream_storage.c.obj)
                0x0800a770                uxr_add_output_reliable_buffer
 .text.uxr_add_input_best_effort_buffer
                0x0800a7a4       0x2c ../micro_ros_stm32cubemx_utils/microros_static_library_ide/libmicroros/libmicroros.a(libmicroxrcedds_client-stream_storage.c.obj)
                0x0800a7a4                uxr_add_input_best_effort_buffer
 .text.uxr_add_input_reliable_buffer
                0x0800a7d0       0x34 ../micro_ros_stm32cubemx_utils/microros_static_library_ide/libmicroros/libmicroros.a(libmicroxrcedds_client-stream_storage.c.obj)
                0x0800a7d0                uxr_add_input_reliable_buffer
 .text.uxr_get_output_best_effort_stream
                0x0800a804       0x10 ../micro_ros_stm32cubemx_utils/microros_static_library_ide/libmicroros/libmicroros.a(libmicroxrcedds_client-stream_storage.c.obj)
                0x0800a804                uxr_get_output_best_effort_stream
 .text.uxr_get_output_reliable_stream
                0x0800a814       0x14 ../micro_ros_stm32cubemx_utils/microros_static_library_ide/libmicroros/libmicroros.a(libmicroxrcedds_client-stream_storage.c.obj)
                0x0800a814                uxr_get_output_reliable_stream
 .text.uxr_get_input_best_effort_stream
                0x0800a828       0x14 ../micro_ros_stm32cubemx_utils/microros_static_library_ide/libmicroros/libmicroros.a(libmicroxrcedds_client-stream_storage.c.obj)
                0x0800a828                uxr_get_input_best_effort_stream
 .text.uxr_get_input_reliable_stream
                0x0800a83c       0x14 ../micro_ros_stm32cubemx_utils/microros_static_library_ide/libmicroros/libmicroros.a(libmicroxrcedds_client-stream_storage.c.obj)
                0x0800a83c                uxr_get_input_reliable_stream
 .text.uxr_output_streams_confirmed
                0x0800a850       0x2c ../micro_ros_stm32cubemx_utils/microros_static_library_ide/libmicroros/libmicroros.a(libmicroxrcedds_client-stream_storage.c.obj)
                0x0800a850                uxr_output_streams_confirmed
 .text.uxr_buffer_submessage_header
                0x0800a87c       0x34 ../micro_ros_stm32cubemx_utils/microros_static_library_ide/libmicroros/libmicroros.a(libmicroxrcedds_client-submessage.c.obj)
                0x0800a87c                uxr_buffer_submessage_header
 .text.uxr_read_submessage_header
                0x0800a8b0       0x4c ../micro_ros_stm32cubemx_utils/microros_static_library_ide/libmicroros/libmicroros.a(libmicroxrcedds_client-submessage.c.obj)
                0x0800a8b0                uxr_read_submessage_header
 .text.uxr_submessage_padding
                0x0800a8fc        0xc ../micro_ros_stm32cubemx_utils/microros_static_library_ide/libmicroros/libmicroros.a(libmicroxrcedds_client-submessage.c.obj)
                0x0800a8fc                uxr_submessage_padding
 .text.uxr_millis
                0x0800a908       0x34 ../micro_ros_stm32cubemx_utils/microros_static_library_ide/libmicroros/libmicroros.a(libmicroxrcedds_client-time.c.obj)
                0x0800a908                uxr_millis
 .text.uxr_nanos
                0x0800a93c       0x2c ../micro_ros_stm32cubemx_utils/microros_static_library_ide/libmicroros/libmicroros.a(libmicroxrcedds_client-time.c.obj)
                0x0800a93c                uxr_nanos
 .text.on_full_output_buffer_fragmented
                0x0800a968      0x114 ../micro_ros_stm32cubemx_utils/microros_static_library_ide/libmicroros/libmicroros.a(libmicroxrcedds_client-write_access.c.obj)
                0x0800a968                on_full_output_buffer_fragmented
 .text.uxr_prepare_output_stream
                0x0800aa7c       0x60 ../micro_ros_stm32cubemx_utils/microros_static_library_ide/libmicroros/libmicroros.a(libmicroxrcedds_client-write_access.c.obj)
                0x0800aa7c                uxr_prepare_output_stream
 .text.uxr_prepare_output_stream_fragmented
                0x0800aadc      0x194 ../micro_ros_stm32cubemx_utils/microros_static_library_ide/libmicroros/libmicroros.a(libmicroxrcedds_client-write_access.c.obj)
                0x0800aadc                uxr_prepare_output_stream_fragmented
 .text.uxr_serialize_message_header
                0x0800ac70       0x3c ../micro_ros_stm32cubemx_utils/microros_static_library_ide/libmicroros/libmicroros.a(libmicroxrcedds_client-xrce_header.c.obj)
                0x0800ac70                uxr_serialize_message_header
 .text.uxr_deserialize_message_header
                0x0800acac       0x40 ../micro_ros_stm32cubemx_utils/microros_static_library_ide/libmicroros/libmicroros.a(libmicroxrcedds_client-xrce_header.c.obj)
                0x0800acac                uxr_deserialize_message_header
 .text.uxr_serialize_submessage_header
                0x0800acec       0x28 ../micro_ros_stm32cubemx_utils/microros_static_library_ide/libmicroros/libmicroros.a(libmicroxrcedds_client-xrce_subheader.c.obj)
                0x0800acec                uxr_serialize_submessage_header
 .text.uxr_deserialize_submessage_header
                0x0800ad14       0x28 ../micro_ros_stm32cubemx_utils/microros_static_library_ide/libmicroros/libmicroros.a(libmicroxrcedds_client-xrce_subheader.c.obj)
                0x0800ad14                uxr_deserialize_submessage_header
 .text.uxr_serialize_CLIENT_Representation
                0x0800ad3c       0xb0 ../micro_ros_stm32cubemx_utils/microros_static_library_ide/libmicroros/libmicroros.a(libmicroxrcedds_client-xrce_types.c.obj)
                0x0800ad3c                uxr_serialize_CLIENT_Representation
 .text.uxr_deserialize_CLIENT_Representation
                0x0800adec       0xc8 ../micro_ros_stm32cubemx_utils/microros_static_library_ide/libmicroros/libmicroros.a(libmicroxrcedds_client-xrce_types.c.obj)
                0x0800adec                uxr_deserialize_CLIENT_Representation
 .text.uxr_serialize_AGENT_Representation
                0x0800aeb4       0x94 ../micro_ros_stm32cubemx_utils/microros_static_library_ide/libmicroros/libmicroros.a(libmicroxrcedds_client-xrce_types.c.obj)
                0x0800aeb4                uxr_serialize_AGENT_Representation
 .text.uxr_serialize_DATAWRITER_Representation
                0x0800af48       0x50 ../micro_ros_stm32cubemx_utils/microros_static_library_ide/libmicroros/libmicroros.a(libmicroxrcedds_client-xrce_types.c.obj)
                0x0800af48                uxr_serialize_DATAWRITER_Representation
 .text.uxr_serialize_ObjectVariant.part.0
                0x0800af98       0xe8 ../micro_ros_stm32cubemx_utils/microros_static_library_ide/libmicroros/libmicroros.a(libmicroxrcedds_client-xrce_types.c.obj)
 .text.uxr_deserialize_DATAWRITER_Representation
                0x0800b080       0x54 ../micro_ros_stm32cubemx_utils/microros_static_library_ide/libmicroros/libmicroros.a(libmicroxrcedds_client-xrce_types.c.obj)
                0x0800b080                uxr_deserialize_DATAWRITER_Representation
 .text.uxr_serialize_OBJK_DomainParticipant_Binary
                0x0800b0d4       0x44 ../micro_ros_stm32cubemx_utils/microros_static_library_ide/libmicroros/libmicroros.a(libmicroxrcedds_client-xrce_types.c.obj)
                0x0800b0d4                uxr_serialize_OBJK_DomainParticipant_Binary
 .text.uxr_serialize_OBJK_Topic_Binary
                0x0800b118       0x4c ../micro_ros_stm32cubemx_utils/microros_static_library_ide/libmicroros/libmicroros.a(libmicroxrcedds_client-xrce_types.c.obj)
                0x0800b118                uxr_serialize_OBJK_Topic_Binary
 .text.uxr_serialize_OBJK_Publisher_Binary_Qos
                0x0800b164      0x11c ../micro_ros_stm32cubemx_utils/microros_static_library_ide/libmicroros/libmicroros.a(libmicroxrcedds_client-xrce_types.c.obj)
                0x0800b164                uxr_serialize_OBJK_Publisher_Binary_Qos
 .text.uxr_serialize_OBJK_Publisher_Binary
                0x0800b280       0x44 ../micro_ros_stm32cubemx_utils/microros_static_library_ide/libmicroros/libmicroros.a(libmicroxrcedds_client-xrce_types.c.obj)
                0x0800b280                uxr_serialize_OBJK_Publisher_Binary
 .text.uxr_serialize_OBJK_Endpoint_QosBinary
                0x0800b2c4       0xa8 ../micro_ros_stm32cubemx_utils/microros_static_library_ide/libmicroros/libmicroros.a(libmicroxrcedds_client-xrce_types.c.obj)
                0x0800b2c4                uxr_serialize_OBJK_Endpoint_QosBinary
 .text.uxr_serialize_OBJK_DataWriter_Binary
                0x0800b36c       0x58 ../micro_ros_stm32cubemx_utils/microros_static_library_ide/libmicroros/libmicroros.a(libmicroxrcedds_client-xrce_types.c.obj)
                0x0800b36c                uxr_serialize_OBJK_DataWriter_Binary
 .text.uxr_deserialize_ObjectVariant
                0x0800b3c4      0x144 ../micro_ros_stm32cubemx_utils/microros_static_library_ide/libmicroros/libmicroros.a(libmicroxrcedds_client-xrce_types.c.obj)
                0x0800b3c4                uxr_deserialize_ObjectVariant
 .text.uxr_deserialize_BaseObjectRequest
                0x0800b508       0x20 ../micro_ros_stm32cubemx_utils/microros_static_library_ide/libmicroros/libmicroros.a(libmicroxrcedds_client-xrce_types.c.obj)
                0x0800b508                uxr_deserialize_BaseObjectRequest
 .text.uxr_serialize_ActivityInfoVariant
                0x0800b528      0x14c ../micro_ros_stm32cubemx_utils/microros_static_library_ide/libmicroros/libmicroros.a(libmicroxrcedds_client-xrce_types.c.obj)
                0x0800b528                uxr_serialize_ActivityInfoVariant
 .text.uxr_deserialize_BaseObjectReply
                0x0800b674       0x3c ../micro_ros_stm32cubemx_utils/microros_static_library_ide/libmicroros/libmicroros.a(libmicroxrcedds_client-xrce_types.c.obj)
                0x0800b674                uxr_deserialize_BaseObjectReply
 .text.uxr_serialize_ReadSpecification
                0x0800b6b0       0x84 ../micro_ros_stm32cubemx_utils/microros_static_library_ide/libmicroros/libmicroros.a(libmicroxrcedds_client-xrce_types.c.obj)
                0x0800b6b0                uxr_serialize_ReadSpecification
 .text.uxr_serialize_CREATE_CLIENT_Payload
                0x0800b734        0x4 ../micro_ros_stm32cubemx_utils/microros_static_library_ide/libmicroros/libmicroros.a(libmicroxrcedds_client-xrce_types.c.obj)
                0x0800b734                uxr_serialize_CREATE_CLIENT_Payload
 .text.uxr_serialize_CREATE_Payload
                0x0800b738      0x120 ../micro_ros_stm32cubemx_utils/microros_static_library_ide/libmicroros/libmicroros.a(libmicroxrcedds_client-xrce_types.c.obj)
                0x0800b738                uxr_serialize_CREATE_Payload
 .text.uxr_deserialize_GET_INFO_Payload
                0x0800b858       0x28 ../micro_ros_stm32cubemx_utils/microros_static_library_ide/libmicroros/libmicroros.a(libmicroxrcedds_client-xrce_types.c.obj)
                0x0800b858                uxr_deserialize_GET_INFO_Payload
 .text.uxr_serialize_DELETE_Payload
                0x0800b880       0x20 ../micro_ros_stm32cubemx_utils/microros_static_library_ide/libmicroros/libmicroros.a(libmicroxrcedds_client-xrce_types.c.obj)
                0x0800b880                uxr_serialize_DELETE_Payload
 .text.uxr_deserialize_STATUS_AGENT_Payload
                0x0800b8a0       0x60 ../micro_ros_stm32cubemx_utils/microros_static_library_ide/libmicroros/libmicroros.a(libmicroxrcedds_client-xrce_types.c.obj)
                0x0800b8a0                uxr_deserialize_STATUS_AGENT_Payload
 .text.uxr_deserialize_STATUS_Payload
                0x0800b900       0x3c ../micro_ros_stm32cubemx_utils/microros_static_library_ide/libmicroros/libmicroros.a(libmicroxrcedds_client-xrce_types.c.obj)
                0x0800b900                uxr_deserialize_STATUS_Payload
 .text.uxr_serialize_INFO_Payload
                0x0800b93c       0x98 ../micro_ros_stm32cubemx_utils/microros_static_library_ide/libmicroros/libmicroros.a(libmicroxrcedds_client-xrce_types.c.obj)
                0x0800b93c                uxr_serialize_INFO_Payload
 .text.uxr_serialize_READ_DATA_Payload